#
# A fatal error has been detected by the Java Runtime Environment:
#
#  EXCEPTION_ACCESS_VIOLATION (0xc0000005) at pc=0x00007ffe1acb26c4, pid=23100, tid=19580
#
# JRE version: OpenJDK Runtime Environment (24.0.1+9) (build 24.0.1+9-30)
# Java VM: OpenJDK 64-Bit Server VM (24.0.1+9-30, mixed mode, emulated-client, sharing, tiered, compressed oops, compressed class ptrs, g1 gc, windows-amd64)
# Problematic frame:
# C  [libasyncProfiler.dll+0x926c4]
#
# No core dump will be written. Minidumps are not enabled by default on client versions of Windows
#
# JFR recording file will be written. Location: C:\Projects\demo\hs_err_pid23100.jfr
#
# If you would like to submit a bug report, please visit:
#   https://bugreport.java.com/bugreport/crash.jsp
# The crash happened outside the Java Virtual Machine in native code.
# See problematic frame for where to report the bug.
#

---------------  S U M M A R Y ------------

Command Line: -XX:TieredStopAtLevel=1 -Dspring.output.ansi.enabled=always -Dcom.sun.management.jmxremote -Dspring.jmx.enabled=true -Dspring.liveBeansView.mbeanDomain -Dspring.application.admin.enabled=true -Dmanagement.endpoints.jmx.exposure.include=* -javaagent:C:\Program Files\JetBrains\IntelliJ IDEA 2025.1.1.1\lib\idea_rt.jar=60261 -Dfile.encoding=UTF-8 -Dsun.stdout.encoding=UTF-8 -Dsun.stderr.encoding=UTF-8 com.example.demo.DemoApplication

Host: 13th Gen Intel(R) Core(TM) i5-13450HX, 16 cores, 15G,  Windows 11 , 64 bit Build 26100 (10.0.26100.8246)
Time: Tue May  5 12:08:19 2026 FLE Daylight Time elapsed time: 118.937126 seconds (0d 0h 1m 58s)

---------------  T H R E A D  ---------------

Current thread (0x0000027045011310):  JavaThread "Attach Listener" daemon [_thread_in_native, id=19580, stack(0x000000777ad00000,0x000000777ae00000) (1024K)]

Stack: [0x000000777ad00000,0x000000777ae00000],  sp=0x000000777adfed50,  free space=1019k
Native frames: (J=compiled Java code, j=interpreted, Vv=VM code, C=native code)
C  [libasyncProfiler.dll+0x926c4]  (no source info available)
C  [libasyncProfiler.dll+0x92b9b]  (no source info available)
C  [libasyncProfiler.dll+0x917f4]  (no source info available)
C  [libasyncProfiler.dll+0x9206a]  (no source info available)
C  [libasyncProfiler.dll+0x8cc21]  (no source info available)
C  [libasyncProfiler.dll+0x7e5e1]  (no source info available)
C  [libasyncProfiler.dll+0x7d2f8]  (no source info available)
C  [libasyncProfiler.dll+0x7d1e0]  (no source info available)
C  [libasyncProfiler.dll+0x841b9]  (no source info available)
V  [jvm.dll+0x57eff7]  (no source info available)
V  [jvm.dll+0x57fdac]  (no source info available)
V  [jvm.dll+0x14ca17]  (no source info available)
V  [jvm.dll+0x14dfe1]  (no source info available)
V  [jvm.dll+0x42f456]  (no source info available)
V  [jvm.dll+0x87d76b]  (no source info available)
V  [jvm.dll+0x72ee55]  (no source info available)
C  [ucrtbase.dll+0x37b0]  (no source info available)
C  [KERNEL32.DLL+0x2e8d7]  (no source info available)
C  [ntdll.dll+0x8c3fc]  (no source info available)


siginfo: EXCEPTION_ACCESS_VIOLATION (0xc0000005), reading address 0xffffffffffffffff


Registers:
RAX=0x0000000000000010, RBX=0x0000000000000000, RCX=0xffffffffffffffff, RDX=0x007ffdfd47300010
RSP=0x000000777adfed50, RBP=0x0000027045b799a0, RSI=0x000000777adfeec0, RDI=0x0000027045b799a0
R8 =0x0000000000000042, R9 =0x0000000705c96a00, R10=0x00007ffdfd6e9fb0, R11=0x000000000000002c
R12=0x000000777adfeec0, R13=0x0000027045be50d0, R14=0x00000270450116d8, R15=0x00000270450116d8
RIP=0x00007ffe1acb26c4, EFLAGS=0x0000000000010202

XMM[0]=0x0000000000000000 0x0000000000000000
XMM[1]=0x0000000000000000 0x0000000000000000
XMM[2]=0x0000000000000000 0x0000000000000000
XMM[3]=0x0000000000000000 0x0000000000000000
XMM[4]=0x0000000000000000 0x0000000000000000
XMM[5]=0x0000000000000000 0x0000000000000000
XMM[6]=0x0000000000000000 0x0000000000000000
XMM[7]=0x0000000000000000 0x0000000000000000
XMM[8]=0x0000000000000000 0x0000000000000000
XMM[9]=0x0000000000000000 0x0000000000000000
XMM[10]=0x0000000000000000 0x0000000000000000
XMM[11]=0x0000000000000000 0x0000000000000000
XMM[12]=0x0000000000000000 0x0000000000000000
XMM[13]=0x0000000000000000 0x0000000000000000
XMM[14]=0x0000000000000000 0x0000000000000000
XMM[15]=0x0000000000000000 0x0000000000000000
  MXCSR=0x00001fa0


Register to memory mapping:

RAX=0x0000000000000010 is an unknown value
RBX=0x0 is null
RCX=0xffffffffffffffff is an unknown value
RDX=0x007ffdfd47300010 is an unknown value
RSP=0x000000777adfed50 is pointing into the stack for thread: 0x0000027045011310
RBP=0x0000027045b799a0 points into unknown readable memory: 0x0000000705c96a00 | 00 6a c9 05 07 00 00 00
RSI=0x000000777adfeec0 is pointing into the stack for thread: 0x0000027045011310
RDI=0x0000027045b799a0 points into unknown readable memory: 0x0000000705c96a00 | 00 6a c9 05 07 00 00 00
R8 =0x0000000000000042 is an unknown value
R9 =0x0000000705c96a00 is an oop: java.lang.ref.Reference$ReferenceHandler 
{0x0000000705c96a00} - klass: 'java/lang/ref/Reference$ReferenceHandler' - flags: 

 - ---- fields (total size 14 words):
 - 'threadLocalRandomProbe' 'I' @12  0 (0x00000000)
 - private volatile 'eetop' 'J' @16  2681217270080 (0x000002704500c140)
 - private final 'tid' 'J' @24  15 (0x000000000000000f)
 - 'threadLocalRandomSeed' 'J' @32  0 (0x0000000000000000)
 - injected 'jvmti_thread_state' 'J' @40  2681228389456 (0x0000027045aa6c50)
 - 'threadLocalRandomSecondarySeed' 'I' @48  0 (0x00000000)
 - injected 'jvmti_VTMS_transition_disable_count' 'I' @52  0 (0x00000000)
 - injected 'jfr_epoch' 'S' @56  0 (0x0000)
 - volatile 'interrupted' 'Z' @58  false (0x00)
 - injected 'jvmti_is_in_VTMS_transition' 'Z' @59  false (0x00)
 - private volatile 'name' 'Ljava/lang/String;' @60  "Reference Handler"{0x00000007052c5e30} (0xe0a58bc6)
 - private volatile 'contextClassLoader' 'Ljava/lang/ClassLoader;' @64  null (0x00000000)
 - private final 'holder' 'Ljava/lang/Thread$FieldHolder;' @68  a 'java/lang/Thread$FieldHolder'{0x000000070595c5c0} (0xe0b2b8b8)
 - 'threadLocals' 'Ljava/lang/ThreadLocal$ThreadLocalMap;' @72  null (0x00000000)
 - 'inheritableThreadLocals' 'Ljava/lang/ThreadLocal$ThreadLocalMap;' @76  null (0x00000000)
 - private 'scopedValueBindings' 'Ljava/lang/Object;' @80  a 'java/lang/Class'{0x0000000705c96f78} = 'java/lang/Thread' (0xe0b92def)
 - final 'interruptLock' 'Ljava/lang/Object;' @84  a 'java/lang/Object'{0x000000070595c5e8} (0xe0b2b8bd)
 - private volatile 'parkBlocker' 'Ljava/lang/Object;' @88  null (0x00000000)
 - private 'nioBlocker' 'Lsun/nio/ch/Interruptible;' @92  null (0x00000000)
 - private 'cont' 'Ljdk/internal/vm/Continuation;' @96  null (0x00000000)
 - private volatile 'uncaughtExceptionHandler' 'Ljava/lang/Thread$UncaughtExceptionHandler;' @100  null (0x00000000)
 - private 'container' 'Ljdk/internal/vm/ThreadContainer;' @104  null (0x00000000)
 - private volatile 'headStackableScopes' 'Ljdk/internal/vm/StackableScope;' @108  null (0x00000000)
R10=0x00007ffdfd6e9fb0 jvm.dll
R11=0x000000000000002c is an unknown value
R12=0x000000777adfeec0 is pointing into the stack for thread: 0x0000027045011310
R13=0x0000027045be50d0 points into unknown readable memory: 0x00007ffdfd65a510 | 10 a5 65 fd fd 7f 00 00
R14=0x00000270450116d8 points into unknown readable memory: 0x00007ffdfd6517b0 | b0 17 65 fd fd 7f 00 00
R15=0x00000270450116d8 points into unknown readable memory: 0x00007ffdfd6517b0 | b0 17 65 fd fd 7f 00 00

Top of Stack: (sp=0x000000777adfed50)
0x000000777adfed50:   000000777adfeec0 0000027045b799a0   ...zw......Ep...
0x000000777adfed60:   0000000000000000 0000027045011a60   ........`..Ep...
0x000000777adfed70:   000000000000003e 00007ffe1acb2b9b   >........+......
0x000000777adfed80:   0000000000000000 00000270450116d8   ...........Ep...
0x000000777adfed90:   000000777adfee01 0000000000000000   ...zw...........
0x000000777adfeda0:   000002704868ab50 00007ffe1acb17f4   P.hHp...........
0x000000777adfedb0:   0000000000000000 000000000000003e   ........>.......
0x000000777adfedc0:   0000000000000000 000000000000003e   ........>.......
0x000000777adfedd0:   0000001f00000002 000002704661b320   ........ .aFp...
0x000000777adfede0:   000002704868ab50 000002704868ac48   P.hHp...H.hHp...
0x000000777adfedf0:   000002704868ac4c 0000000000004dac   L.hHp....M......
0x000000777adfee00:   0000000000000000 0000000000000000   ................
0x000000777adfee10:   0000000000000000 00007ffdfceb57d4   .........W......
0x000000777adfee20:   00007ffe1adf4ca0 0000000000005a3c   .L......<Z......
0x000000777adfee30:   00007ffe1adf4ca0 00000000ffffffff   .L..............
0x000000777adfee40:   0000000000000000 00007ffe1acb206a   ........j ......
0x000000777adfee50:   00000270450116d8 0000000000000000   ...Ep...........
0x000000777adfee60:   000000777adfeec9 0000027045be50d0   ...zw....P.Ep...
0x000000777adfee70:   0000000000000004 0000000000000048   ........H.......
0x000000777adfee80:   0000000800800310 0000000000000020   ........ .......
0x000000777adfee90:   00000270450116d8 00007ffe1adf4ca0   ...Ep....L......
0x000000777adfeea0:   00000270678f9100 0000027045aa6c50   ...gp...Pl.Ep...
0x000000777adfeeb0:   0000000800800390 00000270450116d8   ...........Ep...
0x000000777adfeec0:   000002704e4d5ce0 000002704e4d64a0   .\MNp....dMNp...
0x000000777adfeed0:   000002704e4d64a0 00007ffe1adf4ca0   .dMNp....L......
0x000000777adfeee0:   0000027045052d48 000000777adff058   H-.Ep...X..zw...
0x000000777adfeef0:   000000777adff190 0000000000008840   ...zw...@.......
0x000000777adfef00:   000000777adff370 00007ffe1adf4cf0   p..zw....L......
0x000000777adfef10:   0000000000989680 0000000000989680   ................
0x000000777adfef20:   000000777adff030 00007ffe1acacc21   0..zw...!.......
0x000000777adfef30:   00007ffe1adf4ca0 00007ffe1adf4cf8   .L.......L......
0x000000777adfef40:   00007ffe00000000 00007ffd00000001   ................

Instructions: (pc=0x00007ffe1acb26c4)
  0x00007ffe1acb25c4:   cc cc cc cc cc cc cc cc cc cc cc cc cc cc cc cc
  0x00007ffe1acb25d4:   cc cc cc cc cc cc cc cc cc cc cc cc cc cc cc cc
  0x00007ffe1acb25e4:   cc cc cc cc cc cc cc cc cc cc cc cc cc cc cc cc
  0x00007ffe1acb25f4:   cc cc cc cc cc cc cc cc cc cc cc cc cc cc cc cc
  0x00007ffe1acb2604:   cc cc cc cc cc cc cc cc cc cc cc cc cc cc cc cc
  0x00007ffe1acb2614:   cc cc cc cc cc cc cc cc cc cc cc cc cc cc cc cc
  0x00007ffe1acb2624:   cc cc cc cc cc cc cc cc cc cc cc cc cc cc cc cc
  0x00007ffe1acb2634:   cc cc cc cc cc cc cc cc cc cc cc cc cc cc cc cc
  0x00007ffe1acb2644:   cc cc cc cc cc cc cc cc cc cc cc cc 40 57 48 83
  0x00007ffe1acb2654:   ec 20 48 8b f9 48 8b 0d 10 28 14 00 48 85 c9 74
  0x00007ffe1acb2664:   20 48 8b 01 48 8d 54 24 38 41 b8 06 00 01 00 4c
  0x00007ffe1acb2674:   8b 48 30 41 ff d1 85 c0 75 07 48 8b 4c 24 38 eb
  0x00007ffe1acb2684:   02 33 c9 4c 8b 05 ea 28 14 00 48 89 5c 24 30 4d
  0x00007ffe1acb2694:   85 c0 74 4a 48 8b 01 48 8b d7 4c 8b 88 28 03 00
  0x00007ffe1acb26a4:   00 41 ff d1 48 85 c0 74 35 48 63 0d f8 e6 13 00
  0x00007ffe1acb26b4:   48 8b 14 01 48 85 d2 74 15 48 63 05 fc e6 13 00
=>0x00007ffe1acb26c4:   8b 04 10 48 8b 5c 24 30 48 83 c4 20 5f c3 b8 ff
  0x00007ffe1acb26d4:   ff ff ff 48 8b 5c 24 30 48 83 c4 20 5f c3 80 3d
  0x00007ffe1acb26e4:   9b 27 14 00 00 bb ff ff ff ff 74 20 4c 8b 0d 31
  0x00007ffe1acb26f4:   24 14 00 4c 8d 44 24 38 48 8b 0d 15 24 14 00 48
  0x00007ffe1acb2704:   8b d7 41 ff d1 85 c0 0f 44 5c 24 38 8b c3 48 8b
  0x00007ffe1acb2714:   5c 24 30 48 83 c4 20 5f c3 cc cc cc cc cc cc cc
  0x00007ffe1acb2724:   cc cc cc cc cc cc cc cc cc cc cc cc cc cc cc cc
  0x00007ffe1acb2734:   cc cc cc cc cc cc cc cc cc cc cc cc cc cc cc cc
  0x00007ffe1acb2744:   cc cc cc cc cc cc cc cc cc cc cc cc 48 89 54 24
  0x00007ffe1acb2754:   10 53 55 56 57 41 56 41 57 48 83 ec 28 48 8b f2
  0x00007ffe1acb2764:   4c 8b f1 48 89 4c 24 78 45 33 ff 44 89 7c 24 68
  0x00007ffe1acb2774:   c7 44 24 60 01 00 00 00 48 8d 4c 24 68 e8 ed 42
  0x00007ffe1acb2784:   f7 ff 8b d8 48 8d 4c 24 60 e8 e1 42 f7 ff 8b e8
  0x00007ffe1acb2794:   49 8b ce e8 00 fc f6 ff 48 8b f8 90 8b c3 f0 0f
  0x00007ffe1acb27a4:   b1 2f 74 04 f3 90 eb f4 4c 89 3e 4c 89 7e 08 4c
  0x00007ffe1acb27b4:   89 7e 10 49 8b 6e 08 4d 8b 76 10 49 3b ee 0f 84


Stack slot to memory mapping:

stack at sp + 0 slots: 0x000000777adfeec0 is pointing into the stack for thread: 0x0000027045011310
stack at sp + 1 slots: 0x0000027045b799a0 points into unknown readable memory: 0x0000000705c96a00 | 00 6a c9 05 07 00 00 00
stack at sp + 2 slots: 0x0 is null
stack at sp + 3 slots: 0x0000027045011a60 points into unknown readable memory: 0x6e616c2e6176616a | 6a 61 76 61 2e 6c 61 6e
stack at sp + 4 slots: 0x000000000000003e is an unknown value
stack at sp + 5 slots: 0x00007ffe1acb2b9b libasyncProfiler.dll
stack at sp + 6 slots: 0x0 is null
stack at sp + 7 slots: 0x00000270450116d8 points into unknown readable memory: 0x00007ffdfd6517b0 | b0 17 65 fd fd 7f 00 00

Lock stack of current Java thread (top to bottom):


---------------  P R O C E S S  ---------------

Threads class SMR info:
_java_thread_list=0x000002704e46bca0, length=37, elements={
0x000002704500c140, 0x000002704500c880, 0x00000270450106b0, 0x0000027045011310,
0x0000027045013220, 0x00000270450148c0, 0x0000027045018ae0, 0x00000270451a65e0,
0x00000270457090f0, 0x0000027045709c40, 0x00000270460c6a90, 0x000002704611c970,
0x0000027046115230, 0x0000027046652e70, 0x0000027046651880, 0x0000027047b87c80,
0x0000027047b850a0, 0x0000027047b85f40, 0x0000027047b88b20, 0x0000027047b86690,
0x0000027047b857f0, 0x0000027047b883d0, 0x0000027047b8a110, 0x0000027047b89270,
0x0000027047b899c0, 0x0000027047b8a860, 0x0000027047b87530, 0x0000027047b8afb0,
0x0000027047b8b700, 0x0000027047b8be50, 0x0000027047b8c5a0, 0x0000027048526ba0,
0x00000270485255b0, 0x00000270450b1b60, 0x00000270450b0c40, 0x00000270450b13d0,
0x0000027048529030
}

Java Threads: ( => current thread )
  0x000002704500c140 JavaThread "Reference Handler"          daemon [_thread_blocked, id=19728, stack(0x000000777aa00000,0x000000777ab00000) (1024K)]
  0x000002704500c880 JavaThread "Finalizer"                  daemon [_thread_blocked, id=28352, stack(0x000000777ab00000,0x000000777ac00000) (1024K)]
  0x00000270450106b0 JavaThread "Signal Dispatcher"          daemon [_thread_blocked, id=24932, stack(0x000000777ac00000,0x000000777ad00000) (1024K)]
=>0x0000027045011310 JavaThread "Attach Listener"            daemon [_thread_in_native, id=19580, stack(0x000000777ad00000,0x000000777ae00000) (1024K)]
  0x0000027045013220 JavaThread "Service Thread"             daemon [_thread_blocked, id=26224, stack(0x000000777ae00000,0x000000777af00000) (1024K)]
  0x00000270450148c0 JavaThread "Monitor Deflation Thread"   daemon [_thread_blocked, id=26468, stack(0x000000777af00000,0x000000777b000000) (1024K)]
  0x0000027045018ae0 JavaThread "C1 CompilerThread0"         daemon [_thread_blocked, id=5364, stack(0x000000777b000000,0x000000777b100000) (1024K)]
  0x00000270451a65e0 JavaThread "Common-Cleaner"             daemon [_thread_blocked, id=3208, stack(0x000000777b400000,0x000000777b500000) (1024K)]
  0x00000270457090f0 JavaThread "Monitor Ctrl-Break"         daemon [_thread_in_native, id=26876, stack(0x000000777b600000,0x000000777b700000) (1024K)]
  0x0000027045709c40 JavaThread "Notification Thread"        daemon [_thread_blocked, id=9808, stack(0x000000777b700000,0x000000777b800000) (1024K)]
  0x00000270460c6a90 JavaThread "RMI TCP Accept-0"           daemon [_thread_in_native, id=1292, stack(0x000000777b800000,0x000000777b900000) (1024K)]
  0x000002704611c970 JavaThread "RMI Scheduler(0)"           daemon [_thread_blocked, id=30344, stack(0x000000777ba00000,0x000000777bb00000) (1024K)]
  0x0000027046115230 JavaThread "JMX server connection timeout 40" daemon [_thread_blocked, id=30108, stack(0x000000777bb00000,0x000000777bc00000) (1024K)]
  0x0000027046652e70 JavaThread "RMI TCP Connection(2)-26.110.159.83" daemon [_thread_in_native, id=28392, stack(0x000000777c300000,0x000000777c400000) (1024K)]
  0x0000027046651880 JavaThread "Cleaner-0"                  daemon [_thread_blocked, id=20404, stack(0x000000777ce00000,0x000000777cf00000) (1024K)]
  0x0000027047b87c80 JavaThread "HikariPool-1:housekeeper"   daemon [_thread_blocked, id=24788, stack(0x000000777cf00000,0x000000777d000000) (1024K)]
  0x0000027047b850a0 JavaThread "Catalina-utility-1"                [_thread_blocked, id=13168, stack(0x000000777d100000,0x000000777d200000) (1024K)]
  0x0000027047b85f40 JavaThread "Catalina-utility-2"                [_thread_blocked, id=4484, stack(0x000000777d200000,0x000000777d300000) (1024K)]
  0x0000027047b88b20 JavaThread "container-0"                       [_thread_blocked, id=22080, stack(0x000000777d300000,0x000000777d400000) (1024K)]
  0x0000027047b86690 JavaThread "http-nio-8080-exec-1"       daemon [_thread_blocked, id=26908, stack(0x000000777d400000,0x000000777d500000) (1024K)]
  0x0000027047b857f0 JavaThread "http-nio-8080-exec-2"       daemon [_thread_blocked, id=21380, stack(0x000000777d500000,0x000000777d600000) (1024K)]
  0x0000027047b883d0 JavaThread "http-nio-8080-exec-3"       daemon [_thread_blocked, id=13968, stack(0x000000777d600000,0x000000777d700000) (1024K)]
  0x0000027047b8a110 JavaThread "http-nio-8080-exec-4"       daemon [_thread_blocked, id=28724, stack(0x000000777d700000,0x000000777d800000) (1024K)]
  0x0000027047b89270 JavaThread "http-nio-8080-exec-5"       daemon [_thread_blocked, id=24640, stack(0x000000777d800000,0x000000777d900000) (1024K)]
  0x0000027047b899c0 JavaThread "http-nio-8080-exec-6"       daemon [_thread_blocked, id=10404, stack(0x000000777d900000,0x000000777da00000) (1024K)]
  0x0000027047b8a860 JavaThread "http-nio-8080-exec-7"       daemon [_thread_blocked, id=19936, stack(0x000000777da00000,0x000000777db00000) (1024K)]
  0x0000027047b87530 JavaThread "http-nio-8080-exec-8"       daemon [_thread_blocked, id=29896, stack(0x000000777db00000,0x000000777dc00000) (1024K)]
  0x0000027047b8afb0 JavaThread "http-nio-8080-exec-9"       daemon [_thread_blocked, id=29492, stack(0x000000777dc00000,0x000000777dd00000) (1024K)]
  0x0000027047b8b700 JavaThread "http-nio-8080-exec-10"      daemon [_thread_blocked, id=26932, stack(0x000000777dd00000,0x000000777de00000) (1024K)]
  0x0000027047b8be50 JavaThread "http-nio-8080-Poller"       daemon [_thread_in_native, id=20216, stack(0x000000777de00000,0x000000777df00000) (1024K)]
  0x0000027047b8c5a0 JavaThread "http-nio-8080-Acceptor"     daemon [_thread_in_native, id=24108, stack(0x000000777df00000,0x000000777e000000) (1024K)]
  0x0000027048526ba0 JavaThread "DestroyJavaVM"                     [_thread_blocked, id=18820, stack(0x000000777a200000,0x000000777a300000) (1024K)]
  0x00000270485255b0 JavaThread "JFR Recorder Thread"        daemon [_thread_in_native, id=14180, stack(0x0000007779f00000,0x000000777a000000) (1024K)]
  0x00000270450b1b60 JavaThread "C1 CompilerThread1"         daemon [_thread_blocked, id=12768, stack(0x000000777a000000,0x000000777a100000) (1024K)]
  0x00000270450b0c40 JavaThread "C1 CompilerThread2"         daemon [_thread_blocked, id=4872, stack(0x000000777a100000,0x000000777a200000) (1024K)]
  0x00000270450b13d0 JavaThread "C1 CompilerThread3"         daemon [_thread_blocked, id=5744, stack(0x000000777b300000,0x000000777b400000) (1024K)]
  0x0000027048529030 JavaThread "JFR Periodic Tasks"         daemon [_thread_blocked, id=19884, stack(0x000000777b500000,0x000000777b600000) (1024K)]
Total: 37

Other Threads:
  0x000002707af18a90 VMThread "VM Thread"                           [id=25908, stack(0x000000777a900000,0x000000777aa00000) (1024K)]
  0x000002707add49d0 WatcherThread "VM Periodic Task Thread"        [id=30312, stack(0x000000777a800000,0x000000777a900000) (1024K)]
  0x00000270678cb2e0 WorkerThread "GC Thread#0"                     [id=30588, stack(0x000000777a300000,0x000000777a400000) (1024K)]
  0x0000027046727f70 WorkerThread "GC Thread#1"                     [id=30192, stack(0x000000777bc00000,0x000000777bd00000) (1024K)]
  0x0000027046728320 WorkerThread "GC Thread#2"                     [id=29912, stack(0x000000777bd00000,0x000000777be00000) (1024K)]
  0x0000027046726d00 WorkerThread "GC Thread#3"                     [id=18916, stack(0x000000777be00000,0x000000777bf00000) (1024K)]
  0x0000027046727460 WorkerThread "GC Thread#4"                     [id=20244, stack(0x000000777bf00000,0x000000777c000000) (1024K)]
  0x0000027046b66db0 WorkerThread "GC Thread#5"                     [id=30300, stack(0x000000777c000000,0x000000777c100000) (1024K)]
  0x0000027046b65b40 WorkerThread "GC Thread#6"                     [id=18644, stack(0x000000777c100000,0x000000777c200000) (1024K)]
  0x0000027046b67c70 WorkerThread "GC Thread#7"                     [id=29496, stack(0x000000777c200000,0x000000777c300000) (1024K)]
  0x0000027046b653e0 WorkerThread "GC Thread#8"                     [id=30292, stack(0x000000777c600000,0x000000777c700000) (1024K)]
  0x0000027046b65790 WorkerThread "GC Thread#9"                     [id=14000, stack(0x000000777c700000,0x000000777c800000) (1024K)]
  0x0000027046b67510 WorkerThread "GC Thread#10"                    [id=26996, stack(0x000000777c800000,0x000000777c900000) (1024K)]
  0x0000027046b67160 WorkerThread "GC Thread#11"                    [id=27772, stack(0x000000777c900000,0x000000777ca00000) (1024K)]
  0x0000027046b68780 WorkerThread "GC Thread#12"                    [id=22896, stack(0x000000777cc00000,0x000000777cd00000) (1024K)]
  0x00000270678e1ba0 ConcurrentGCThread "G1 Main Marker"            [id=14432, stack(0x000000777a400000,0x000000777a500000) (1024K)]
  0x00000270678e2d60 WorkerThread "G1 Conc#0"                       [id=25036, stack(0x000000777a500000,0x000000777a600000) (1024K)]
  0x0000027046b65ef0 WorkerThread "G1 Conc#1"                       [id=29820, stack(0x000000777ca00000,0x000000777cb00000) (1024K)]
  0x0000027046b678c0 WorkerThread "G1 Conc#2"                       [id=5076, stack(0x000000777cb00000,0x000000777cc00000) (1024K)]
  0x000002706790e700 ConcurrentGCThread "G1 Refine#0"               [id=27620, stack(0x000000777a600000,0x000000777a700000) (1024K)]
  0x000002707adc5200 ConcurrentGCThread "G1 Service"                [id=29992, stack(0x000000777a700000,0x000000777a800000) (1024K)]
Total: 21

Threads with active compile tasks:
Total: 0

VM state: not at safepoint (normal execution)

VM Mutex/Monitor currently owned by a thread: None

Heap address: 0x0000000704800000, size: 4024 MB, Compressed Oops mode: Zero based, Oop shift amount: 3

CDS archive(s) mapped at: [0x0000027000000000-0x0000027000d40000-0x0000027000d40000), size 13893632, SharedBaseAddress: 0x0000027000000000, ArchiveRelocationMode: 1.
Compressed class space mapped at: 0x0000027001000000-0x0000027041000000, reserved size: 1073741824
UseCompressedClassPointers 1, UseCompactObjectHeaders 0
Narrow klass pointer bits 32, Max shift 3
Narrow klass base: 0x0000027000000000, Narrow klass shift: 0
Encoding Range: [0x0000027000000000 - 0x0000027100000000), (4294967296 bytes)
Klass Range:    [0x0000027000000000 - 0x0000027041000000), (1090519040 bytes)
Klass ID Range:  [8 - 1090519033) (1090519025)

GC Precious Log:
 CardTable entry size: 512
 Card Set container configuration: InlinePtr #cards 4 size 8 Array Of Cards #cards 16 size 48 Howl #buckets 8 coarsen threshold 3686 Howl Bitmap #cards 512 size 80 coarsen threshold 460 Card regions per heap region 1 cards per card region 4096
 CPUs: 16 total, 16 available
 Memory: 16091M
 Large Page Support: Disabled
 NUMA Support: Disabled
 Compressed Oops: Enabled (Zero based)
 Heap Region Size: 2M
 Heap Min Capacity: 8M
 Heap Initial Capacity: 252M
 Heap Max Capacity: 4024M
 Pre-touch: Disabled
 Parallel Workers: 13
 Concurrent Workers: 3
 Concurrent Refinement Workers: 13
 Periodic GC: Disabled

Heap:
 garbage-first heap   total reserved 4120576K, committed 92160K, used 45626K [0x0000000704800000, 0x0000000800000000)
  region size 2048K, 6 young (12288K), 3 survivors (6144K)
 Metaspace       used 82057K, committed 82752K, reserved 1179648K
  class space    used 9373K, committed 9664K, reserved 1048576K

Heap Regions: E=young(eden), S=young(survivor), O=old, HS=humongous(starts), HC=humongous(continues), CS=collection set, F=free, TAMS=top-at-mark-start, PB=parsable bottom
|   0|0x0000000704800000, 0x0000000704a00000, 0x0000000704a00000|100%| O|  |TAMS 0x0000000704800000| PB 0x0000000704800000| Untracked |  0
|   1|0x0000000704a00000, 0x0000000704bc30a8, 0x0000000704c00000| 88%| O|  |TAMS 0x0000000704a00000| PB 0x0000000704a00000| Untracked |  0
|   2|0x0000000704c00000, 0x0000000704e00000, 0x0000000704e00000|100%| O|Cm|TAMS 0x0000000704c00000| PB 0x0000000704c00000| Complete |  0
|   3|0x0000000704e00000, 0x0000000705000000, 0x0000000705000000|100%| O|Cm|TAMS 0x0000000704e00000| PB 0x0000000704e00000| Complete |  0
|   4|0x0000000705000000, 0x0000000705200000, 0x0000000705200000|100%| O|  |TAMS 0x0000000705000000| PB 0x0000000705000000| Untracked |  0
|   5|0x0000000705200000, 0x0000000705400000, 0x0000000705400000|100%| O|  |TAMS 0x0000000705200000| PB 0x0000000705200000| Untracked |  0
|   6|0x0000000705400000, 0x0000000705600000, 0x0000000705600000|100%| O|  |TAMS 0x0000000705400000| PB 0x0000000705400000| Untracked |  0
|   7|0x0000000705600000, 0x0000000705800000, 0x0000000705800000|100%| O|  |TAMS 0x0000000705600000| PB 0x0000000705600000| Untracked |  0
|   8|0x0000000705800000, 0x0000000705a00000, 0x0000000705a00000|100%| O|  |TAMS 0x0000000705800000| PB 0x0000000705800000| Untracked |  0
|   9|0x0000000705a00000, 0x0000000705c00000, 0x0000000705c00000|100%| O|  |TAMS 0x0000000705a00000| PB 0x0000000705a00000| Untracked |  0
|  10|0x0000000705c00000, 0x0000000705e00000, 0x0000000705e00000|100%| O|  |TAMS 0x0000000705c00000| PB 0x0000000705c00000| Untracked |  0
|  11|0x0000000705e00000, 0x0000000706000000, 0x0000000706000000|100%| O|  |TAMS 0x0000000705e00000| PB 0x0000000705e00000| Untracked |  0
|  12|0x0000000706000000, 0x0000000706200000, 0x0000000706200000|100%| O|Cm|TAMS 0x0000000706000000| PB 0x0000000706000000| Complete |  0
|  13|0x0000000706200000, 0x0000000706400000, 0x0000000706400000|100%| O|  |TAMS 0x0000000706200000| PB 0x0000000706200000| Untracked |  0
|  14|0x0000000706400000, 0x0000000706600000, 0x0000000706600000|100%| O|  |TAMS 0x0000000706400000| PB 0x0000000706400000| Untracked |  0
|  15|0x0000000706600000, 0x0000000706600000, 0x0000000706800000|  0%| F|  |TAMS 0x0000000706600000| PB 0x0000000706600000| Untracked |  0
|  16|0x0000000706800000, 0x0000000706800000, 0x0000000706a00000|  0%| F|  |TAMS 0x0000000706800000| PB 0x0000000706800000| Untracked |  0
|  17|0x0000000706a00000, 0x0000000706c00000, 0x0000000706c00000|100%| S|CS|TAMS 0x0000000706a00000| PB 0x0000000706a00000| Complete |  0
|  18|0x0000000706c00000, 0x0000000706e00000, 0x0000000706e00000|100%| O|  |TAMS 0x0000000706c00000| PB 0x0000000706c00000| Untracked |  0
|  19|0x0000000706e00000, 0x0000000707000000, 0x0000000707000000|100%| O|Cm|TAMS 0x0000000706e00000| PB 0x0000000706e00000| Complete |  0
|  20|0x0000000707000000, 0x00000007070cbae8, 0x0000000707200000| 39%| O|  |TAMS 0x0000000707000000| PB 0x0000000707000000| Untracked |  0
|  21|0x0000000707200000, 0x0000000707400000, 0x0000000707400000|100%| S|CS|TAMS 0x0000000707200000| PB 0x0000000707200000| Complete |  0
|  22|0x0000000707400000, 0x0000000707600000, 0x0000000707600000|100%| S|CS|TAMS 0x0000000707400000| PB 0x0000000707400000| Complete |  0
|  23|0x0000000707600000, 0x0000000707600000, 0x0000000707800000|  0%| F|  |TAMS 0x0000000707600000| PB 0x0000000707600000| Untracked |  0
|  24|0x0000000707800000, 0x0000000707800000, 0x0000000707a00000|  0%| F|  |TAMS 0x0000000707800000| PB 0x0000000707800000| Untracked |  0
|  25|0x0000000707a00000, 0x0000000707a00000, 0x0000000707c00000|  0%| F|  |TAMS 0x0000000707a00000| PB 0x0000000707a00000| Untracked |  0
|  26|0x0000000707c00000, 0x0000000707c00000, 0x0000000707e00000|  0%| F|  |TAMS 0x0000000707c00000| PB 0x0000000707c00000| Untracked |  0
|  27|0x0000000707e00000, 0x0000000707e00000, 0x0000000708000000|  0%| F|  |TAMS 0x0000000707e00000| PB 0x0000000707e00000| Untracked |  0
|  28|0x0000000708000000, 0x0000000708000000, 0x0000000708200000|  0%| F|  |TAMS 0x0000000708000000| PB 0x0000000708000000| Untracked |  0
|  29|0x0000000708200000, 0x0000000708200000, 0x0000000708400000|  0%| F|  |TAMS 0x0000000708200000| PB 0x0000000708200000| Untracked |  0
|  30|0x0000000708400000, 0x0000000708400000, 0x0000000708600000|  0%| F|  |TAMS 0x0000000708400000| PB 0x0000000708400000| Untracked |  0
|  31|0x0000000708600000, 0x0000000708600000, 0x0000000708800000|  0%| F|  |TAMS 0x0000000708600000| PB 0x0000000708600000| Untracked |  0
|  32|0x0000000708800000, 0x0000000708800000, 0x0000000708a00000|  0%| F|  |TAMS 0x0000000708800000| PB 0x0000000708800000| Untracked |  0
|  33|0x0000000708a00000, 0x0000000708a00000, 0x0000000708c00000|  0%| F|  |TAMS 0x0000000708a00000| PB 0x0000000708a00000| Untracked |  0
|  34|0x0000000708c00000, 0x0000000708c00000, 0x0000000708e00000|  0%| F|  |TAMS 0x0000000708c00000| PB 0x0000000708c00000| Untracked |  0
|  35|0x0000000708e00000, 0x0000000708e00000, 0x0000000709000000|  0%| F|  |TAMS 0x0000000708e00000| PB 0x0000000708e00000| Untracked |  0
|  36|0x0000000709000000, 0x0000000709000000, 0x0000000709200000|  0%| F|  |TAMS 0x0000000709000000| PB 0x0000000709000000| Untracked |  0
|  37|0x0000000709200000, 0x0000000709200000, 0x0000000709400000|  0%| F|  |TAMS 0x0000000709200000| PB 0x0000000709200000| Untracked |  0
| 105|0x0000000711a00000, 0x0000000711a00000, 0x0000000711c00000|  0%| F|  |TAMS 0x0000000711a00000| PB 0x0000000711a00000| Untracked |  0
| 106|0x0000000711c00000, 0x0000000711c00000, 0x0000000711e00000|  0%| F|  |TAMS 0x0000000711c00000| PB 0x0000000711c00000| Untracked |  0
| 107|0x0000000711e00000, 0x0000000711e00000, 0x0000000712000000|  0%| F|  |TAMS 0x0000000711e00000| PB 0x0000000711e00000| Untracked |  0
| 108|0x0000000712000000, 0x0000000712000000, 0x0000000712200000|  0%| F|  |TAMS 0x0000000712000000| PB 0x0000000712000000| Untracked |  0
| 109|0x0000000712200000, 0x00000007122c0458, 0x0000000712400000| 37%| E|  |TAMS 0x0000000712200000| PB 0x0000000712200000| Complete |  0
| 125|0x0000000714200000, 0x0000000714400000, 0x0000000714400000|100%| E|CS|TAMS 0x0000000714200000| PB 0x0000000714200000| Complete |  0
|2011|0x00000007ffe00000, 0x0000000800000000, 0x0000000800000000|100%| E|CS|TAMS 0x00000007ffe00000| PB 0x00000007ffe00000| Complete |  0

Card table byte_map: [0x0000027074040000,0x0000027074820000] _byte_map_base: 0x000002707081c000

Marking Bits: (CMBitMap*) 0x00000270678cb900
 Bits: [0x0000027074820000, 0x0000027078700000)

Polling page: 0x0000027065870000

Metaspace:

Usage:
  Non-class:     70.98 MB used.
      Class:      9.15 MB used.
       Both:     80.13 MB used.

Virtual space:
  Non-class space:      128.00 MB reserved,      71.38 MB ( 56%) committed,  2 nodes.
      Class space:        1.00 GB reserved,       9.44 MB ( <1%) committed,  1 nodes.
             Both:        1.12 GB reserved,      80.81 MB (  7%) committed. 

Chunk freelists:
   Non-Class:  8.02 MB
       Class:  6.53 MB
        Both:  14.54 MB

MaxMetaspaceSize: unlimited
CompressedClassSpaceSize: 1.00 GB
Initial GC threshold: 21.00 MB
Current GC threshold: 134.62 MB
CDS: on
 - commit_granule_bytes: 65536.
 - commit_granule_words: 8192.
 - virtual_space_node_default_size: 8388608.
 - enlarge_chunks_in_place: 1.
UseCompressedClassPointers 1, UseCompactObjectHeaders 0
Narrow klass pointer bits 32, Max shift 3
Narrow klass base: 0x0000027000000000, Narrow klass shift: 0
Encoding Range: [0x0000027000000000 - 0x0000027100000000), (4294967296 bytes)
Klass Range:    [0x0000027000000000 - 0x0000027041000000), (1090519040 bytes)
Klass ID Range:  [8 - 1090519033) (1090519025)


Internal statistics:

num_allocs_failed_limit: 6.
num_arena_births: 974.
num_arena_deaths: 0.
num_vsnodes_births: 3.
num_vsnodes_deaths: 0.
num_space_committed: 1293.
num_space_uncommitted: 0.
num_chunks_returned_to_freelist: 6.
num_chunks_taken_from_freelist: 3814.
num_chunk_merges: 3.
num_chunk_splits: 2852.
num_chunks_enlarged: 2369.
num_inconsistent_stats: 0.

CodeCache: size=49152Kb used=12761Kb max_used=13856Kb free=36390Kb
 bounds [0x00000270700f0000, 0x0000027070e80000, 0x00000270730f0000]
 total_blobs=8663, nmethods=7920, adapters=665, full_count=0
Compilation: enabled, stopped_count=0, restarted_count=0

Compilation events (20 events):
Event: 118.896 Thread 0x00000270450b1b60 7995       1       jdk.jfr.internal.EventControl::getSettingsId (5 bytes)
Event: 118.896 Thread 0x00000270450b0c40 7996       1       jdk.jfr.internal.EventControl::getNamedControls (5 bytes)
Event: 118.896 Thread 0x00000270450b13d0 nmethod 7992 0x0000027070e3c588 code [0x0000027070e3c6a0, 0x0000027070e3c768]
Event: 118.896 Thread 0x00000270450b1b60 nmethod 7995 0x0000027070e3c288 code [0x0000027070e3c380, 0x0000027070e3c448]
Event: 118.896 Thread 0x00000270450b0c40 nmethod 7996 0x0000027070e3bf88 code [0x0000027070e3c080, 0x0000027070e3c148]
Event: 118.896 Thread 0x0000027045018ae0 nmethod 7994 0x0000027070e3bc88 code [0x0000027070e3bd80, 0x0000027070e3be48]
Event: 118.896 Thread 0x00000270450b13d0 7998   !   1       jdk.jfr.internal.Control::setValue (102 bytes)
Event: 118.896 Thread 0x00000270450b1b60 7999       1       jdk.jfr.internal.SettingsManager$InternalSetting::getValues (35 bytes)
Event: 118.896 Thread 0x00000270450b0c40 8000       1       jdk.jfr.internal.Control::apply (10 bytes)
Event: 118.896 Thread 0x0000027045018ae0 8001       1       jdk.jfr.internal.Control::findCombine (121 bytes)
Event: 118.896 Thread 0x00000270450b0c40 nmethod 8000 0x0000027070e3b988 code [0x0000027070e3baa0, 0x0000027070e3bbb0]
Event: 118.897 Thread 0x00000270450b0c40 7997       1       jdk.jfr.internal.PlatformEventType::isEnabled (5 bytes)
Event: 118.897 Thread 0x00000270450b1b60 nmethod 7999 0x0000027070e3b608 code [0x0000027070e3b740, 0x0000027070e3b948]
Event: 118.897 Thread 0x00000270450b0c40 nmethod 7997 0x0000027070e3b308 code [0x0000027070e3b400, 0x0000027070e3b4c8]
Event: 118.897 Thread 0x0000027045018ae0 nmethod 8001 0x0000027070e3a988 code [0x0000027070e3ab40, 0x0000027070e3b2f0]
Event: 118.897 Thread 0x00000270450b13d0 nmethod 7998 0x0000027070e3a088 code [0x0000027070e3a280, 0x0000027070e3a910]
Event: 118.899 Thread 0x00000270450b1b60 8002       1       jdk.jfr.internal.periodic.EventTask::getEventType (5 bytes)
Event: 118.899 Thread 0x00000270450b1b60 nmethod 8002 0x0000027070e39d88 code [0x0000027070e39e80, 0x0000027070e39f48]
Event: 118.900 Thread 0x00000270450b1b60 8003       1       jdk.jfr.internal.periodic.PeriodicTask::getPeriod (5 bytes)
Event: 118.900 Thread 0x00000270450b1b60 nmethod 8003 0x0000027070e39a88 code [0x0000027070e39b80, 0x0000027070e39c48]

GC Heap History (20 events):
Event: 0.991 GC heap before
{Heap before GC invocations=4 (full 0):
 garbage-first heap   total reserved 4120576K, committed 69632K, used 47845K [0x0000000704800000, 0x0000000800000000)
  region size 2048K, 20 young (40960K), 7 survivors (14336K)
 Metaspace       used 29397K, committed 29760K, reserved 1114112K
  class space    used 3141K, committed 3264K, reserved 1048576K
}
Event: 0.998 GC heap after
{Heap after GC invocations=5 (full 0):
 garbage-first heap   total reserved 4120576K, committed 69632K, used 21030K [0x0000000704800000, 0x0000000800000000)
  region size 2048K, 2 young (4096K), 2 survivors (4096K)
 Metaspace       used 29397K, committed 29760K, reserved 1114112K
  class space    used 3141K, committed 3264K, reserved 1048576K
}
Event: 1.111 GC heap before
{Heap before GC invocations=5 (full 0):
 garbage-first heap   total reserved 4120576K, committed 69632K, used 33318K [0x0000000704800000, 0x0000000800000000)
  region size 2048K, 9 young (18432K), 2 survivors (4096K)
 Metaspace       used 31176K, committed 31488K, reserved 1114112K
  class space    used 3316K, committed 3456K, reserved 1048576K
}
Event: 1.114 GC heap after
{Heap after GC invocations=6 (full 0):
 garbage-first heap   total reserved 4120576K, committed 69632K, used 21484K [0x0000000704800000, 0x0000000800000000)
  region size 2048K, 2 young (4096K), 2 survivors (4096K)
 Metaspace       used 31176K, committed 31488K, reserved 1114112K
  class space    used 3316K, committed 3456K, reserved 1048576K
}
Event: 1.401 GC heap before
{Heap before GC invocations=7 (full 0):
 garbage-first heap   total reserved 4120576K, committed 69632K, used 52204K [0x0000000704800000, 0x0000000800000000)
  region size 2048K, 17 young (34816K), 2 survivors (4096K)
 Metaspace       used 35736K, committed 36224K, reserved 1114112K
  class space    used 3901K, committed 4096K, reserved 1048576K
}
Event: 1.406 GC heap after
{Heap after GC invocations=8 (full 0):
 garbage-first heap   total reserved 4120576K, committed 69632K, used 24447K [0x0000000704800000, 0x0000000800000000)
  region size 2048K, 2 young (4096K), 2 survivors (4096K)
 Metaspace       used 35736K, committed 36224K, reserved 1114112K
  class space    used 3901K, committed 4096K, reserved 1048576K
}
Event: 1.674 GC heap before
{Heap before GC invocations=8 (full 0):
 garbage-first heap   total reserved 4120576K, committed 69632K, used 53119K [0x0000000704800000, 0x0000000800000000)
  region size 2048K, 17 young (34816K), 2 survivors (4096K)
 Metaspace       used 41499K, committed 41920K, reserved 1114112K
  class space    used 4481K, committed 4672K, reserved 1048576K
}
Event: 1.683 GC heap after
{Heap after GC invocations=9 (full 0):
 garbage-first heap   total reserved 4120576K, committed 69632K, used 26662K [0x0000000704800000, 0x0000000800000000)
  region size 2048K, 3 young (6144K), 3 survivors (6144K)
 Metaspace       used 41499K, committed 41920K, reserved 1114112K
  class space    used 4481K, committed 4672K, reserved 1048576K
}
Event: 1.964 GC heap before
{Heap before GC invocations=9 (full 0):
 garbage-first heap   total reserved 4120576K, committed 69632K, used 55334K [0x0000000704800000, 0x0000000800000000)
  region size 2048K, 17 young (34816K), 3 survivors (6144K)
 Metaspace       used 48649K, committed 49152K, reserved 1114112K
  class space    used 5360K, committed 5568K, reserved 1048576K
}
Event: 1.970 GC heap after
{Heap after GC invocations=10 (full 0):
 garbage-first heap   total reserved 4120576K, committed 92160K, used 28829K [0x0000000704800000, 0x0000000800000000)
  region size 2048K, 3 young (6144K), 3 survivors (6144K)
 Metaspace       used 48649K, committed 49152K, reserved 1114112K
  class space    used 5360K, committed 5568K, reserved 1048576K
}
Event: 2.120 GC heap before
{Heap before GC invocations=10 (full 0):
 garbage-first heap   total reserved 4120576K, committed 92160K, used 39069K [0x0000000704800000, 0x0000000800000000)
  region size 2048K, 9 young (18432K), 3 survivors (6144K)
 Metaspace       used 52113K, committed 52608K, reserved 1114112K
  class space    used 5732K, committed 5952K, reserved 1048576K
}
Event: 2.125 GC heap after
{Heap after GC invocations=11 (full 0):
 garbage-first heap   total reserved 4120576K, committed 92160K, used 29444K [0x0000000704800000, 0x0000000800000000)
  region size 2048K, 2 young (4096K), 2 survivors (4096K)
 Metaspace       used 52113K, committed 52608K, reserved 1114112K
  class space    used 5732K, committed 5952K, reserved 1048576K
}
Event: 2.613 GC heap before
{Heap before GC invocations=12 (full 0):
 garbage-first heap   total reserved 4120576K, committed 92160K, used 74500K [0x0000000704800000, 0x0000000800000000)
  region size 2048K, 24 young (49152K), 2 survivors (4096K)
 Metaspace       used 64487K, committed 64960K, reserved 1114112K
  class space    used 7170K, committed 7360K, reserved 1048576K
}
Event: 2.618 GC heap after
{Heap after GC invocations=13 (full 0):
 garbage-first heap   total reserved 4120576K, committed 92160K, used 31141K [0x0000000704800000, 0x0000000800000000)
  region size 2048K, 3 young (6144K), 3 survivors (6144K)
 Metaspace       used 64487K, committed 64960K, reserved 1114112K
  class space    used 7170K, committed 7360K, reserved 1048576K
}
Event: 3.042 GC heap before
{Heap before GC invocations=13 (full 0):
 garbage-first heap   total reserved 4120576K, committed 92160K, used 78245K [0x0000000704800000, 0x0000000800000000)
  region size 2048K, 26 young (53248K), 3 survivors (6144K)
 Metaspace       used 71859K, committed 72512K, reserved 1114112K
  class space    used 8038K, committed 8320K, reserved 1048576K
}
Event: 3.047 GC heap after
{Heap after GC invocations=14 (full 0):
 garbage-first heap   total reserved 4120576K, committed 92160K, used 35078K [0x0000000704800000, 0x0000000800000000)
  region size 2048K, 4 young (8192K), 4 survivors (8192K)
 Metaspace       used 71859K, committed 72512K, reserved 1114112K
  class space    used 8038K, committed 8320K, reserved 1048576K
}
Event: 8.264 GC heap before
{Heap before GC invocations=14 (full 0):
 garbage-first heap   total reserved 4120576K, committed 92160K, used 76038K [0x0000000704800000, 0x0000000800000000)
  region size 2048K, 24 young (49152K), 4 survivors (8192K)
 Metaspace       used 76668K, committed 77376K, reserved 1179648K
  class space    used 8657K, committed 8960K, reserved 1048576K
}
Event: 8.270 GC heap after
{Heap after GC invocations=15 (full 0):
 garbage-first heap   total reserved 4120576K, committed 92160K, used 37794K [0x0000000704800000, 0x0000000800000000)
  region size 2048K, 2 young (4096K), 2 survivors (4096K)
 Metaspace       used 76668K, committed 77376K, reserved 1179648K
  class space    used 8657K, committed 8960K, reserved 1048576K
}
Event: 118.859 GC heap before
{Heap before GC invocations=15 (full 0):
 garbage-first heap   total reserved 4120576K, committed 92160K, used 76706K [0x0000000704800000, 0x0000000800000000)
  region size 2048K, 22 young (45056K), 2 survivors (4096K)
 Metaspace       used 81834K, committed 82560K, reserved 1179648K
  class space    used 9349K, committed 9664K, reserved 1048576K
}
Event: 118.864 GC heap after
{Heap after GC invocations=16 (full 0):
 garbage-first heap   total reserved 4120576K, committed 92160K, used 41530K [0x0000000704800000, 0x0000000800000000)
  region size 2048K, 3 young (6144K), 3 survivors (6144K)
 Metaspace       used 81834K, committed 82560K, reserved 1179648K
  class space    used 9349K, committed 9664K, reserved 1048576K
}

Dll operation events (12 events):
Event: 0.005 Loaded shared library C:\Users\igork\.jdks\openjdk-24.0.1\bin\java.dll
Event: 0.067 Loaded shared library C:\Users\igork\.jdks\openjdk-24.0.1\bin\zip.dll
Event: 0.068 Loaded shared library C:\Users\igork\.jdks\openjdk-24.0.1\bin\instrument.dll
Event: 0.070 Loaded shared library C:\Users\igork\.jdks\openjdk-24.0.1\bin\net.dll
Event: 0.071 Loaded shared library C:\Users\igork\.jdks\openjdk-24.0.1\bin\nio.dll
Event: 0.073 Loaded shared library C:\Users\igork\.jdks\openjdk-24.0.1\bin\zip.dll
Event: 0.102 Loaded shared library C:\Users\igork\.jdks\openjdk-24.0.1\bin\jimage.dll
Event: 0.120 Loaded shared library C:\Users\igork\.jdks\openjdk-24.0.1\bin\extnet.dll
Event: 0.125 Loaded shared library C:\Users\igork\.jdks\openjdk-24.0.1\bin\management.dll
Event: 0.129 Loaded shared library C:\Users\igork\.jdks\openjdk-24.0.1\bin\management_ext.dll
Event: 0.816 Loaded shared library C:\Users\igork\.jdks\openjdk-24.0.1\bin\sunmscapi.dll
Event: 118.783 Loaded shared library C:\Users\igork\AppData\Local\Temp\idea_libasyncProfiler_dll_temp_folder1\libasyncProfiler.dll

Deoptimization events (2 events):
Event: 2.793 Thread 0x00000270678647a0 DEOPT PACKING pc=0x0000027070604f84 sp=0x000000777a2fb290
Event: 2.793 Thread 0x00000270678647a0 DEOPT UNPACKING pc=0x0000027070145722 sp=0x000000777a2fa7c0 mode 0

Classes loaded (20 events):
Event: 118.883 Loading class jdk/jfr/internal/MetadataWriter
Event: 118.883 Loading class jdk/jfr/internal/MetadataWriter done
Event: 118.884 Loading class jdk/jfr/internal/MetadataDescriptor$Element
Event: 118.884 Loading class jdk/jfr/internal/MetadataDescriptor$Element done
Event: 118.884 Loading class jdk/jfr/internal/MetadataDescriptor$Attribute
Event: 118.884 Loading class jdk/jfr/internal/MetadataDescriptor$Attribute done
Event: 118.886 Loading class jdk/jfr/internal/consumer/StringParser$Encoding
Event: 118.887 Loading class jdk/jfr/internal/consumer/StringParser$Encoding done
Event: 118.891 Loading class jdk/jfr/internal/consumer/RepositoryFiles
Event: 118.892 Loading class jdk/jfr/internal/consumer/RepositoryFiles done
Event: 118.895 Loading class jdk/jfr/internal/SettingsManager$InternalSetting
Event: 118.895 Loading class jdk/jfr/internal/SettingsManager$InternalSetting done
Event: 118.896 Loading class jdk/jfr/internal/util/Rate
Event: 118.896 Loading class jdk/jfr/internal/util/Rate done
Event: 118.896 Loading class jdk/jfr/internal/util/TimespanUnit
Event: 118.896 Loading class jdk/jfr/internal/util/TimespanUnit done
Event: 118.896 Loading class jdk/jfr/internal/util/ValueParser
Event: 118.896 Loading class jdk/jfr/internal/util/ValueParser done
Event: 118.896 Loading class jdk/jfr/internal/periodic/PeriodicType
Event: 118.897 Loading class jdk/jfr/internal/periodic/PeriodicType done

Classes unloaded (0 events):
No events

Classes redefined (0 events):
No events

Internal exceptions (20 events):
Event: 3.277 Thread 0x00000270678647a0 Exception <a 'java/lang/NoSuchMethodError'{0x00000007089b94f8}: 'java.lang.Object java.lang.invoke.DirectMethodHandle$Holder.invokeVirtual(java.lang.Object, java.lang.Object, java.lang.Object, java.lang.Object, java.lang.Object, java.lang.Object, java.lang.Object)'> (0x00000007089b94f8) 
thrown [s\open\src\hotspot\share\interpreter\linkResolver.cpp, line 805]
Event: 3.286 Thread 0x00000270678647a0 Exception <a 'java/lang/NoSuchMethodError'{0x00000007086ad288}: 'java.lang.Object java.lang.invoke.DirectMethodHandle$Holder.invokeVirtual(java.lang.Object, java.lang.Object, java.lang.Object, java.lang.Object, java.lang.Object, java.lang.Object, java.lang.Object, java.lang.Object, java.lang.Object, java.lang.Object)'> (0x00000007086ad288) 
thrown [s\open\src\hotspot\share\interpreter\linkResolver.cpp, line 805]
Event: 3.296 Thread 0x00000270678647a0 Exception <a 'java/lang/NoSuchMethodError'{0x0000000708438fc8}: 'java.lang.Object java.lang.invoke.DirectMethodHandle$Holder.invokeStatic(java.lang.Object, java.lang.Object, java.lang.Object, java.lang.Object, java.lang.Object, java.lang.Object, java.lang.Object, java.lang.Object, java.lang.Object, java.lang.Object, java.lang.Object)'> (0x0000000708438fc8) 
thrown [s\open\src\hotspot\share\interpreter\linkResolver.cpp, line 805]
Event: 3.297 Thread 0x00000270678647a0 Exception <a 'java/lang/NoSuchMethodError'{0x000000070846c280}: 'java.lang.Object java.lang.invoke.DirectMethodHandle$Holder.invokeStatic(java.lang.Object, java.lang.Object, java.lang.Object, java.lang.Object, java.lang.Object, java.lang.Object, java.lang.Object, java.lang.Object, java.lang.Object, java.lang.Object, java.lang.Object, java.lang.Object)'> (0x000000070846c280) 
thrown [s\open\src\hotspot\share\interpreter\linkResolver.cpp, line 805]
Event: 3.324 Thread 0x00000270678647a0 Exception <a 'java/lang/IncompatibleClassChangeError'{0x00000007082ff0f0}: Found class java.lang.Object, but interface was expected> (0x00000007082ff0f0) 
thrown [s\open\src\hotspot\share\interpreter\linkResolver.cpp, line 872]
Event: 3.357 Thread 0x00000270678647a0 Exception <a 'java/lang/NoClassDefFoundError'{0x0000000707ec7f48}: org/springframework/data/util/TypeInformation> (0x0000000707ec7f48) 
thrown [s\open\src\hotspot\share\classfile\systemDictionary.cpp, line 316]
Event: 3.368 Thread 0x00000270678647a0 Exception <a 'java/lang/NoSuchMethodError'{0x0000000707c12d60}: 'java.lang.Object java.lang.invoke.DirectMethodHandle$Holder.newInvokeSpecial(java.lang.Object, java.lang.Object, int, java.lang.Object, java.lang.Object)'> (0x0000000707c12d60) 
thrown [s\open\src\hotspot\share\interpreter\linkResolver.cpp, line 805]
Event: 3.583 Thread 0x0000027046652e70 Exception <a 'java/lang/NoSuchMethodError'{0x0000000707b075a0}: 'java.lang.Object java.lang.invoke.DirectMethodHandle$Holder.invokeInterface(java.lang.Object, java.lang.Object, java.lang.Object, java.lang.Object, java.lang.Object, java.lang.Object, java.lang.Object)'> (0x0000000707b075a0) 
thrown [s\open\src\hotspot\share\interpreter\linkResolver.cpp, line 805]
Event: 8.271 Thread 0x0000027047b8c5a0 Exception <a 'java/lang/NoSuchMethodError'{0x00000007ffe07cf0}: 'java.lang.Object java.lang.invoke.DirectMethodHandle$Holder.invokeStatic(java.lang.Object, java.lang.Object, java.lang.Object, int, int)'> (0x00000007ffe07cf0) 
thrown [s\open\src\hotspot\share\interpreter\linkResolver.cpp, line 805]
Event: 8.271 Thread 0x0000027047b8c5a0 Exception <a 'java/lang/NoSuchMethodError'{0x00000007ffe0fc60}: 'java.lang.Object java.lang.invoke.DirectMethodHandle$Holder.invokeStaticInit(java.lang.Object, java.lang.Object, java.lang.Object, int, int)'> (0x00000007ffe0fc60) 
thrown [s\open\src\hotspot\share\interpreter\linkResolver.cpp, line 805]
Event: 8.287 Thread 0x0000027047b86690 Exception <a 'java/lang/NoSuchMethodError'{0x00000007fff172c8}: 'java.lang.Object java.lang.invoke.DirectMethodHandle$Holder.invokeSpecial(java.lang.Object, java.lang.Object, java.lang.Object, java.lang.Object, java.lang.Object, long)'> (0x00000007fff172c8) 
thrown [s\open\src\hotspot\share\interpreter\linkResolver.cpp, line 805]
Event: 8.287 Thread 0x0000027047b86690 Exception <a 'java/lang/NoSuchMethodError'{0x00000007fff1fbe8}: 'java.lang.Object java.lang.invoke.DirectMethodHandle$Holder.invokeSpecial(java.lang.Object, java.lang.Object, java.lang.Object, java.lang.Object, java.lang.Object, java.lang.Object, long)'> (0x00000007fff1fbe8) 
thrown [s\open\src\hotspot\share\interpreter\linkResolver.cpp, line 805]
Event: 8.287 Thread 0x0000027047b86690 Exception <a 'java/lang/NoSuchMethodError'{0x00000007fff27f70}: 'java.lang.Object java.lang.invoke.DelegatingMethodHandle$Holder.reinvoke_L(java.lang.Object, java.lang.Object, java.lang.Object, java.lang.Object, java.lang.Object, long)'> (0x00000007fff27f70) 
thrown [s\open\src\hotspot\share\interpreter\linkResolver.cpp, line 805]
Event: 8.287 Thread 0x0000027047b86690 Exception <a 'java/lang/NoSuchMethodError'{0x00000007fff38370}: 'java.lang.Object java.lang.invoke.Invokers$Holder.linkToTargetMethod(java.lang.Object, java.lang.Object, java.lang.Object, long, java.lang.Object)'> (0x00000007fff38370) 
thrown [s\open\src\hotspot\share\interpreter\linkResolver.cpp, line 805]
Event: 8.319 Thread 0x0000027047b86690 Exception <a 'java/lang/NoSuchMethodError'{0x000000071434a318}: 'java.lang.Object java.lang.invoke.DirectMethodHandle$Holder.invokeStatic(java.lang.Object, int, int)'> (0x000000071434a318) 
thrown [s\open\src\hotspot\share\interpreter\linkResolver.cpp, line 805]
Event: 118.870 Thread 0x0000027045011310 Exception <a 'java/lang/NoSuchMethodError'{0x00000007ffed47c8}: 'void java.lang.invoke.DirectMethodHandle$Holder.invokeSpecial(java.lang.Object, java.lang.Object, int)'> (0x00000007ffed47c8) 
thrown [s\open\src\hotspot\share\interpreter\linkResolver.cpp, line 805]
Event: 118.870 Thread 0x0000027045011310 Exception <a 'java/lang/NoSuchMethodError'{0x00000007ffedc3e8}: 'void java.lang.invoke.Invokers$Holder.invokeExact_MT(java.lang.Object, int, java.lang.Object)'> (0x00000007ffedc3e8) 
thrown [s\open\src\hotspot\share\interpreter\linkResolver.cpp, line 805]
Event: 118.877 Thread 0x0000027045011310 Exception <a 'sun/nio/fs/WindowsException'{0x00000007fff29e30}> (0x00000007fff29e30) 
thrown [s\open\src\hotspot\share\prims\jni.cpp, line 518]
Event: 118.879 Thread 0x0000027045011310 Exception <a 'sun/nio/fs/WindowsException'{0x00000007fff36c98}> (0x00000007fff36c98) 
thrown [s\open\src\hotspot\share\prims\jni.cpp, line 518]
Event: 118.880 Thread 0x0000027045011310 Exception <a 'sun/nio/fs/WindowsException'{0x00000007fff581e0}> (0x00000007fff581e0) 
thrown [s\open\src\hotspot\share\prims\jni.cpp, line 518]

VM Operations (20 events):
Event: 8.700 Executing VM operation: HandshakeAllThreads (Deoptimize)
Event: 8.700 Executing VM operation: HandshakeAllThreads (Deoptimize) done
Event: 8.761 Executing VM operation: HandshakeAllThreads (Deoptimize)
Event: 8.761 Executing VM operation: HandshakeAllThreads (Deoptimize) done
Event: 8.873 Executing VM operation: HandshakeAllThreads (Deoptimize)
Event: 8.873 Executing VM operation: HandshakeAllThreads (Deoptimize) done
Event: 8.899 Executing VM operation: HandshakeAllThreads (Deoptimize)
Event: 8.899 Executing VM operation: HandshakeAllThreads (Deoptimize) done
Event: 60.138 Executing VM operation: HandshakeAllThreads (HandshakeForDeflation)
Event: 60.138 Executing VM operation: HandshakeAllThreads (HandshakeForDeflation) done
Event: 60.138 Executing VM operation: RendezvousGCThreads
Event: 60.138 Executing VM operation: RendezvousGCThreads done
Event: 118.859 Executing VM operation: G1CollectForAllocation (G1 Evacuation Pause)
Event: 118.864 Executing VM operation: G1CollectForAllocation (G1 Evacuation Pause) done
Event: 118.873 Executing VM operation: G1PauseRemark
Event: 118.876 Executing VM operation: G1PauseRemark done
Event: 118.880 Executing VM operation: G1PauseCleanup
Event: 118.881 Executing VM operation: G1PauseCleanup done
Event: 118.892 Executing VM operation: JFRSafepointClear
Event: 118.892 Executing VM operation: JFRSafepointClear done

Memory protections (0 events):
No events

Nmethod flushes (20 events):
Event: 118.875 Thread 0x000002707af18a90 flushing  nmethod 0x00000270708e0b88
Event: 118.875 Thread 0x000002707af18a90 flushing  nmethod 0x0000027070a5cf88
Event: 118.875 Thread 0x000002707af18a90 flushing  nmethod 0x0000027070581c88
Event: 118.875 Thread 0x000002707af18a90 flushing  nmethod 0x00000270708dce08
Event: 118.875 Thread 0x000002707af18a90 flushing  nmethod 0x0000027070937b08
Event: 118.875 Thread 0x000002707af18a90 flushing  nmethod 0x00000270709b0288
Event: 118.875 Thread 0x000002707af18a90 flushing  nmethod 0x0000027070a0cf88
Event: 118.875 Thread 0x000002707af18a90 flushing  nmethod 0x0000027070a58488
Event: 118.875 Thread 0x000002707af18a90 flushing  nmethod 0x0000027070a8e988
Event: 118.875 Thread 0x000002707af18a90 flushing  nmethod 0x0000027070acae88
Event: 118.875 Thread 0x000002707af18a90 flushing  nmethod 0x0000027070acb908
Event: 118.875 Thread 0x000002707af18a90 flushing  nmethod 0x0000027070575588
Event: 118.875 Thread 0x000002707af18a90 flushing  nmethod 0x00000270705fbd88
Event: 118.875 Thread 0x000002707af18a90 flushing  nmethod 0x000002707063b688
Event: 118.875 Thread 0x000002707af18a90 flushing  nmethod 0x0000027070647d88
Event: 118.875 Thread 0x000002707af18a90 flushing  nmethod 0x00000270706c8e88
Event: 118.875 Thread 0x000002707af18a90 flushing  nmethod 0x00000270708a4c08
Event: 118.875 Thread 0x000002707af18a90 flushing  nmethod 0x000002707098a408
Event: 118.875 Thread 0x000002707af18a90 flushing  nmethod 0x00000270709e5288
Event: 118.875 Thread 0x000002707af18a90 flushing  nmethod 0x0000027070ad6288

Events (20 events):
Event: 63.609 Thread 0x0000027045018ae0 Thread added: 0x0000027046e251a0
Event: 64.610 Thread 0x0000027046e251a0 Thread exited: 0x0000027046e251a0
Event: 67.739 Thread 0x0000027045018ae0 Thread added: 0x0000027046e260c0
Event: 68.848 Thread 0x00000270485272f0 Thread exited: 0x00000270485272f0
Event: 68.869 Thread 0x00000270485288e0 Thread exited: 0x00000270485288e0
Event: 69.379 Thread 0x0000027046e260c0 Thread exited: 0x0000027046e260c0
Event: 69.804 Thread 0x0000027045018ae0 Thread added: 0x0000027046e251a0
Event: 69.805 Thread 0x0000027046e251a0 Thread added: 0x0000027046e24a10
Event: 69.805 Thread 0x0000027046e251a0 Thread added: 0x0000027046e260c0
Event: 70.835 Thread 0x0000027046e260c0 Thread exited: 0x0000027046e260c0
Event: 70.836 Thread 0x0000027046e24a10 Thread exited: 0x0000027046e24a10
Event: 72.380 Thread 0x0000027046e251a0 Thread exited: 0x0000027046e251a0
Event: 86.311 Thread 0x0000027045018ae0 Thread added: 0x0000027046e24280
Event: 90.259 Thread 0x00000270460ca860 Thread exited: 0x00000270460ca860
Event: 100.380 Thread 0x0000027046e24280 Thread exited: 0x0000027046e24280
Event: 118.824 Thread 0x0000027045011310 Thread added: 0x00000270485255b0
Event: 118.850 Thread 0x0000027045018ae0 Thread added: 0x00000270450b1b60
Event: 118.850 Thread 0x0000027045018ae0 Thread added: 0x00000270450b0c40
Event: 118.850 Thread 0x0000027045018ae0 Thread added: 0x00000270450b13d0
Event: 118.871 Thread 0x0000027045011310 Thread added: 0x0000027048529030


Dynamic libraries:
0x00007ff6134a0000 - 0x00007ff6134ae000 	C:\Users\igork\.jdks\openjdk-24.0.1\bin\java.exe
0x00007ffefc580000 - 0x00007ffefc7e7000 	C:\WINDOWS\SYSTEM32\ntdll.dll
0x00007ffefb760000 - 0x00007ffefb829000 	C:\WINDOWS\System32\KERNEL32.DLL
0x00007ffef9f10000 - 0x00007ffefa304000 	C:\WINDOWS\System32\KERNELBASE.dll
0x00007ffef9050000 - 0x00007ffef919b000 	C:\WINDOWS\System32\ucrtbase.dll
0x00007ffec09d0000 - 0x00007ffec09e6000 	C:\Users\igork\.jdks\openjdk-24.0.1\bin\jli.dll
0x00007ffec0ed0000 - 0x00007ffec0eeb000 	C:\Users\igork\.jdks\openjdk-24.0.1\bin\VCRUNTIME140.dll
0x00007ffefbb00000 - 0x00007ffefbcc5000 	C:\WINDOWS\System32\USER32.dll
0x00007ffef9670000 - 0x00007ffef9697000 	C:\WINDOWS\System32\win32u.dll
0x00007ffefbce0000 - 0x00007ffefbd0b000 	C:\WINDOWS\System32\GDI32.dll
0x00007ffef9540000 - 0x00007ffef966b000 	C:\WINDOWS\System32\gdi32full.dll
0x00007ffed5580000 - 0x00007ffed5813000 	C:\WINDOWS\WinSxS\amd64_microsoft.windows.common-controls_6595b64144ccf1df_6.0.26100.8115_none_3e075c82e3354f9c\COMCTL32.dll
0x00007ffef8fa0000 - 0x00007ffef9043000 	C:\WINDOWS\System32\msvcp_win.dll
0x00007ffefa9d0000 - 0x00007ffefaa79000 	C:\WINDOWS\System32\msvcrt.dll
0x00007ffefb720000 - 0x00007ffefb752000 	C:\WINDOWS\System32\IMM32.DLL
0x00007ffecade0000 - 0x00007ffecadec000 	C:\Users\igork\.jdks\openjdk-24.0.1\bin\vcruntime140_1.dll
0x00007ffea78c0000 - 0x00007ffea794e000 	C:\Users\igork\.jdks\openjdk-24.0.1\bin\msvcp140.dll
0x00007ffdfca20000 - 0x00007ffdfd7c2000 	C:\Users\igork\.jdks\openjdk-24.0.1\bin\server\jvm.dll
0x00007ffefa310000 - 0x00007ffefa3c6000 	C:\WINDOWS\System32\ADVAPI32.dll
0x00007ffefa730000 - 0x00007ffefa7d7000 	C:\WINDOWS\System32\sechost.dll
0x00007ffefa5b0000 - 0x00007ffefa6c8000 	C:\WINDOWS\System32\RPCRT4.dll
0x00007ffefc4b0000 - 0x00007ffefc530000 	C:\WINDOWS\System32\WS2_32.dll
0x00007ffef8a40000 - 0x00007ffef8a9e000 	C:\WINDOWS\SYSTEM32\POWRPROF.dll
0x00007ffeec5a0000 - 0x00007ffeec5ab000 	C:\WINDOWS\SYSTEM32\VERSION.dll
0x00007ffef6040000 - 0x00007ffef6076000 	C:\WINDOWS\SYSTEM32\WINMM.dll
0x00007ffef8a20000 - 0x00007ffef8a34000 	C:\WINDOWS\SYSTEM32\UMPDC.dll
0x00007ffef7ba0000 - 0x00007ffef7bbb000 	C:\WINDOWS\SYSTEM32\kernel.appcore.dll
0x00007ffec1280000 - 0x00007ffec128a000 	C:\Users\igork\.jdks\openjdk-24.0.1\bin\jimage.dll
0x00007ffef6c90000 - 0x00007ffef6ed2000 	C:\WINDOWS\SYSTEM32\DBGHELP.DLL
0x00007ffefac20000 - 0x00007ffefafa2000 	C:\WINDOWS\System32\combase.dll
0x00007ffefb8f0000 - 0x00007ffefb9c8000 	C:\WINDOWS\System32\OLEAUT32.dll
0x00007ffed7150000 - 0x00007ffed718b000 	C:\WINDOWS\SYSTEM32\dbgcore.DLL
0x00007ffef9490000 - 0x00007ffef9535000 	C:\WINDOWS\System32\bcryptPrimitives.dll
0x00007ffef0e70000 - 0x00007ffef0e7f000 	C:\Users\igork\.jdks\openjdk-24.0.1\bin\instrument.dll
0x00007ffec0840000 - 0x00007ffec085e000 	C:\Users\igork\.jdks\openjdk-24.0.1\bin\java.dll
0x00007ffefaa80000 - 0x00007ffefac17000 	C:\WINDOWS\System32\ole32.dll
0x00007ffefafb0000 - 0x00007ffefb717000 	C:\WINDOWS\System32\SHELL32.dll
0x00007ffef9320000 - 0x00007ffef948a000 	C:\WINDOWS\System32\wintypes.dll
0x00007ffef96a0000 - 0x00007ffef9f08000 	C:\WINDOWS\System32\windows.storage.dll
0x00007ffefbd10000 - 0x00007ffefbe08000 	C:\WINDOWS\System32\SHCORE.dll
0x00007ffefbe30000 - 0x00007ffefbe96000 	C:\WINDOWS\System32\shlwapi.dll
0x00007ffef8d70000 - 0x00007ffef8d99000 	C:\WINDOWS\SYSTEM32\profapi.dll
0x00007ffebcfc0000 - 0x00007ffebcfd7000 	C:\Users\igork\.jdks\openjdk-24.0.1\bin\zip.dll
0x00007ffec0ec0000 - 0x00007ffec0ed0000 	C:\Users\igork\.jdks\openjdk-24.0.1\bin\net.dll
0x00007ffef80f0000 - 0x00007ffef815c000 	C:\WINDOWS\system32\mswsock.dll
0x00007ffebd900000 - 0x00007ffebd916000 	C:\Users\igork\.jdks\openjdk-24.0.1\bin\nio.dll
0x00007ffef7660000 - 0x00007ffef7792000 	C:\WINDOWS\SYSTEM32\DNSAPI.dll
0x00007ffef7570000 - 0x00007ffef75a2000 	C:\WINDOWS\SYSTEM32\IPHLPAPI.DLL
0x00007ffefc4a0000 - 0x00007ffefc4aa000 	C:\WINDOWS\System32\NSI.dll
0x00007ffeeee30000 - 0x00007ffeeee3b000 	C:\Windows\System32\rasadhlp.dll
0x00007ffeeb920000 - 0x00007ffeeb9a6000 	C:\WINDOWS\System32\fwpuclnt.dll
0x00007ffebd8f0000 - 0x00007ffebd8f9000 	C:\Users\igork\.jdks\openjdk-24.0.1\bin\extnet.dll
0x00007ffeee610000 - 0x00007ffeee61a000 	C:\Users\igork\.jdks\openjdk-24.0.1\bin\management.dll
0x00007ffee01c0000 - 0x00007ffee01cb000 	C:\Users\igork\.jdks\openjdk-24.0.1\bin\management_ext.dll
0x00007ffefbcd0000 - 0x00007ffefbcd8000 	C:\WINDOWS\System32\PSAPI.DLL
0x00007ffef84f0000 - 0x00007ffef850b000 	C:\WINDOWS\SYSTEM32\CRYPTSP.dll
0x00007ffef7b00000 - 0x00007ffef7b39000 	C:\WINDOWS\system32\rsaenh.dll
0x00007ffef81a0000 - 0x00007ffef81d3000 	C:\WINDOWS\SYSTEM32\USERENV.dll
0x00007ffef8d40000 - 0x00007ffef8d6a000 	C:\WINDOWS\SYSTEM32\bcrypt.dll
0x00007ffef8350000 - 0x00007ffef835c000 	C:\WINDOWS\SYSTEM32\CRYPTBASE.dll
0x00007ffe998e0000 - 0x00007ffe998f8000 	C:\WINDOWS\system32\napinsp.dll
0x00007ffe998c0000 - 0x00007ffe998d3000 	C:\WINDOWS\System32\winrnr.dll
0x00007ffe99890000 - 0x00007ffe998b2000 	C:\WINDOWS\system32\nlansp_c.dll
0x00007ffeedb30000 - 0x00007ffeedb46000 	C:\WINDOWS\system32\wshbth.dll
0x00007ffecf7c0000 - 0x00007ffecf816000 	C:\WINDOWS\SYSTEM32\pdh.dll
0x00007ffef1310000 - 0x00007ffef1322000 	C:\WINDOWS\System32\perfproc.dll
0x00007ffecc510000 - 0x00007ffecc521000 	C:\WINDOWS\System32\perfos.dll
0x00007ffef64d0000 - 0x00007ffef64e2000 	C:\WINDOWS\SYSTEM32\pfclient.dll
0x00007ffee01b0000 - 0x00007ffee01be000 	C:\Users\igork\.jdks\openjdk-24.0.1\bin\sunmscapi.dll
0x00007ffef91a0000 - 0x00007ffef9317000 	C:\WINDOWS\System32\CRYPT32.dll
0x00007ffef8640000 - 0x00007ffef8670000 	C:\WINDOWS\SYSTEM32\ncrypt.dll
0x00007ffef85f0000 - 0x00007ffef862f000 	C:\WINDOWS\SYSTEM32\NTASN1.dll
0x00007ffed4f00000 - 0x00007ffed4f08000 	C:\WINDOWS\system32\wshunix.dll
0x00007ffe1ac20000 - 0x00007ffe1ae18000 	C:\Users\igork\AppData\Local\Temp\idea_libasyncProfiler_dll_temp_folder1\libasyncProfiler.dll

JVMTI agents:
C:\Program Files\JetBrains\IntelliJ IDEA 2025.1.1.1\lib\idea_rt.jar path:C:\Users\igork\.jdks\openjdk-24.0.1\bin\instrument.dll, loaded, initialized, instrumentlib options:60261

dbghelp: loaded successfully - version: 4.0.5 - missing functions: none
symbol engine: initialized successfully - sym options: 0x614 - pdb path: .;C:\Users\igork\.jdks\openjdk-24.0.1\bin;C:\WINDOWS\SYSTEM32;C:\WINDOWS\WinSxS\amd64_microsoft.windows.common-controls_6595b64144ccf1df_6.0.26100.8115_none_3e075c82e3354f9c;C:\Users\igork\.jdks\openjdk-24.0.1\bin\server;C:\Users\igork\AppData\Local\Temp\idea_libasyncProfiler_dll_temp_folder1

VM Arguments:
jvm_args: -XX:TieredStopAtLevel=1 -Dspring.output.ansi.enabled=always -Dcom.sun.management.jmxremote -Dspring.jmx.enabled=true -Dspring.liveBeansView.mbeanDomain -Dspring.application.admin.enabled=true -Dmanagement.endpoints.jmx.exposure.include=* -javaagent:C:\Program Files\JetBrains\IntelliJ IDEA 2025.1.1.1\lib\idea_rt.jar=60261 -Dfile.encoding=UTF-8 -Dsun.stdout.encoding=UTF-8 -Dsun.stderr.encoding=UTF-8 
java_command: com.example.demo.DemoApplication
java_class_path (initial): C:\Projects\demo\target\classes;C:\Users\igork\.m2\repository\org\springframework\boot\spring-boot-starter-data-jpa\4.0.5\spring-boot-starter-data-jpa-4.0.5.jar;C:\Users\igork\.m2\repository\org\springframework\boot\spring-boot-starter\4.0.5\spring-boot-starter-4.0.5.jar;C:\Users\igork\.m2\repository\org\springframework\boot\spring-boot-starter-logging\4.0.5\spring-boot-starter-logging-4.0.5.jar;C:\Users\igork\.m2\repository\ch\qos\logback\logback-classic\1.5.32\logback-classic-1.5.32.jar;C:\Users\igork\.m2\repository\ch\qos\logback\logback-core\1.5.32\logback-core-1.5.32.jar;C:\Users\igork\.m2\repository\org\apache\logging\log4j\log4j-to-slf4j\2.25.3\log4j-to-slf4j-2.25.3.jar;C:\Users\igork\.m2\repository\org\apache\logging\log4j\log4j-api\2.25.3\log4j-api-2.25.3.jar;C:\Users\igork\.m2\repository\org\slf4j\jul-to-slf4j\2.0.17\jul-to-slf4j-2.0.17.jar;C:\Users\igork\.m2\repository\org\springframework\boot\spring-boot-autoconfigure\4.0.5\spring-boot-autoconfigure-4.0.5.jar;C:\Users\igork\.m2\repository\jakarta\annotation\jakarta.annotation-api\3.0.0\jakarta.annotation-api-3.0.0.jar;C:\Users\igork\.m2\repository\org\yaml\snakeyaml\2.5\snakeyaml-2.5.jar;C:\Users\igork\.m2\repository\org\springframework\boot\spring-boot-starter-jdbc\4.0.5\spring-boot-starter-jdbc-4.0.5.jar;C:\Users\igork\.m2\repository\com\zaxxer\HikariCP\7.0.2\HikariCP-7.0.2.jar;C:\Users\igork\.m2\repository\org\springframework\boot\spring-boot-data-jpa\4.0.5\spring-boot-data-jpa-4.0.5.jar;C:\Users\igork\.m2\repository\org\springframework\boot\spring-boot-data-commons\4.0.5\spring-boot-data-commons-4.0.5.jar;C:\Users\igork\.m2\repository\org\springframework\boot\spring-boot-persistence\4.0.5\spring-boot-persistence-4.0.5.jar;C:\Users\igork\.m2\repository\org\springframework\data\spring-data-commons\4.0.4\spring-data-commons-4.0.4.jar;C:\Users\igork\.m2\repository\org\springframework\boot\spring-boot-hibernate\4.0.5\spring-boot-hibernate-4.0.5.jar;C:\Users\igork\.m2\repository\org\springframework\boot\spring-boot-jpa\4.0.5\spring-boot-jpa-4.0.5.jar;C:\Users\igork\.m2\repository\jakarta\persistence\jakarta.persistence-api\3.2.0\jakarta.persistence-api-3.2.0.jar;C:\Users\igork\.m2\repository\org\hibernate\orm\hibernate-core\7.2.7.Final\hibernate-core-7.2.7.Final.jar;C:\Users\igork\.m2\repository\jakarta\transaction\jakarta.transaction-api\2.0.1\jakarta.transaction-api-2.0.1.jar;C:\Users\igork\.m2\repository\org\hibernate\models\hibernate-models\1.0.1\hibernate-models-1.0.1.jar;C:\Users\igork\.m2\repository\org\glassfish\jaxb\jaxb-runtime\4.0.6\jaxb-runtime-4.0.6.jar;C:\Users\igork\.m2\repository\org\glassfish\jaxb\jaxb-core\4.0.6\jaxb-core-4.0.6.jar;C:\Users\igork\.m2\repository\org\eclipse\angus\angus-activation\2.0.3\angus-activation-2.0.3.jar;C:\Users\igork\.m2\repository\org\glassfish\jaxb\txw2\4.0.6\txw2-4.0.6.jar;C:\Users\igork\.m2\repository\com\sun\istack\istack-commons-runtime\4.1.2\istack-commons-runtime-4.1.2.jar;C:\Users\igork\.m2\repository\jakarta\inject\jakarta.inject-api\2.0.1\jakarta.inject-api-2.0.1.jar;C:\Users\igork\.m2\repository\org\springframework\spring-orm\7.0.6\spring-orm-7.0.6.jar;C:\Users\igork\.m2\repository\org\springframework\data\spring-data-jpa\4.0.4\spring-data-jpa-4.0.4.jar;C:\Users\igork\.m2\repository\org\springframework\spring-context\7.0.6\spring-context-7.0.6.jar;C:\Users\igork\.m2\repository\org\springframework\spring-tx\7.0.6\spring-tx-7.0.6.jar;C:\Users\igork\.m2\repository\org\antlr\antlr4-runtime\4.13.2\antlr4-runtime-4.13.2.jar;C:\Users\igork\.m2\repository\org\springframework\spring-aspects\7.0.6\spring-aspects-7.0.6.jar;C:\Users\igork\.m2\repository\org\aspectj\aspectjweaver\1.9.25.1\aspectjweaver-1.9.25.1.jar;C:\Users\igork\.m2\repository\org\springframework\boot\spring-boot-jdbc\4.0.5\spring-boot-jdbc-4.0.5.jar;C:\Users\igork\.m2\repository\org\springframework\boot\spring-boot\4.0.5\spring-boot-4.0.5.jar;C:\Users\igork\.m2\repository\org\springframework\boot\spring-boot-sql\4.0.5\spring-boot-sql-4.0.5.jar;C:\Users\igork\.m2\repository\org\springframework\boot\spring-boot-transaction\4.0.5\spring-boot-transaction-4.0.5.jar;C:\Users\igork\.m2\repository\org\springframework\spring-jdbc\7.0.6\spring-jdbc-7.0.6.jar;C:\Users\igork\.m2\repository\io\jsonwebtoken\jjwt-api\0.13.0\jjwt-api-0.13.0.jar;C:\Users\igork\.m2\repository\org\springframework\boot\spring-boot-starter-validation\4.0.5\spring-boot-starter-validation-4.0.5.jar;C:\Users\igork\.m2\repository\org\springframework\boot\spring-boot-validation\4.0.5\spring-boot-validation-4.0.5.jar;C:\Users\igork\.m2\repository\org\apache\tomcat\embed\tomcat-embed-el\11.0.20\tomcat-embed-el-11.0.20.jar;C:\Users\igork\.m2\repository\org\hibernate\validator\hibernate-validator\9.0.1.Final\hibernate-validator-9.0.1.Final.jar;C:\Users\igork\.m2\repository\jakarta\validation\jakarta.validation-api\3.1.1\jakarta.validation-api-3.1.1.jar;C:\Users\igork\.m2\repository\org\jboss\logging\jboss-logging\3.6.3.Final\jboss-logging-3.6.3.Final.jar;C:\Users\igork\.m2\repository\com\fasterxml\classmate\1.7.3\classmate-1.7.3.jar;C:\Users\igork\.m2\repository\io\jsonwebtoken\jjwt-impl\0.13.0\jjwt-impl-0.13.0.jar;C:\Users\igork\.m2\repository\io\jsonwebtoken\jjwt-jackson\0.13.0\jjwt-jackson-0.13.0.jar;C:\Users\igork\.m2\repository\com\fasterxml\jackson\core\jackson-databind\2.21.2\jackson-databind-2.21.2.jar;C:\Users\igork\.m2\repository\com\fasterxml\jackson\core\jackson-annotations\2.21\jackson-annotations-2.21.jar;C:\Users\igork\.m2\repository\com\fasterxml\jackson\core\jackson-core\2.21.2\jackson-core-2.21.2.jar;C:\Users\igork\.m2\repository\org\springdoc\springdoc-openapi-starter-webmvc-ui\2.8.5\springdoc-openapi-starter-webmvc-ui-2.8.5.jar;C:\Users\igork\.m2\repository\org\springdoc\springdoc-openapi-starter-webmvc-api\2.8.5\springdoc-openapi-starter-webmvc-api-2.8.5.jar;C:\Users\igork\.m2\repository\org\springdoc\springdoc-openapi-starter-common\2.8.5\springdoc-openapi-starter-common-2.8.5.jar;C:\Users\igork\.m2\repository\io\swagger\core\v3\swagger-core-jakarta\2.2.28\swagger-core-jakarta-2.2.28.jar;C:\Users\igork\.m2\repository\org\apache\commons\commons-lang3\3.19.0\commons-lang3-3.19.0.jar;C:\Users\igork\.m2\repository\io\swagger\core\v3\swagger-annotations-jakarta\2.2.28\swagger-annotations-jakarta-2.2.28.jar;C:\Users\igork\.m2\repository\io\swagger\core\v3\swagger-models-jakarta\2.2.28\swagger-models-jakarta-2.2.28.jar;C:\Users\igork\.m2\repository\com\fasterxml\jackson\dataformat\jackson-dataformat-yaml\2.21.2\jackson-dataformat-yaml-2.21.2.jar;C:\Users\igork\.m2\repository\com\fasterxml\jackson\datatype\jackson-datatype-jsr310\2.21.2\jackson-datatype-jsr310-2.21.2.jar;C:\Users\igork\.m2\repository\org\springframework\spring-webmvc\7.0.6\spring-webmvc-7.0.6.jar;C:\Users\igork\.m2\repository\org\springframework\spring-expression\7.0.6\spring-expression-7.0.6.jar;C:\Users\igork\.m2\repository\org\webjars\swagger-ui\5.18.3\swagger-ui-5.18.3.jar;C:\Users\igork\.m2\repository\org\webjars\webjars-locator-lite\1.1.3\webjars-locator-lite-1.1.3.jar;C:\Users\igork\.m2\repository\org\jspecify\jspecify\1.0.0\jspecify-1.0.0.jar;C:\Users\igork\.m2\repository\org\springframework\boot\spring-boot-starter-web\4.0.5\spring-boot-starter-web-4.0.5.jar;C:\Users\igork\.m2\repository\org\springframework\boot\spring-boot-starter-jackson\4.0.5\spring-boot-starter-jackson-4.0.5.jar;C:\Users\igork\.m2\repository\org\springframework\boot\spring-boot-jackson\4.0.5\spring-boot-jackson-4.0.5.jar;C:\Users\igork\.m2\repository\tools\jackson\core\jackson-databind\3.1.0\jackson-databind-3.1.0.jar;C:\Users\igork\.m2\repository\tools\jackson\core\jackson-core\3.1.0\jackson-core-3.1.0.jar;C:\Users\igork\.m2\repository\org\springframework\boot\spring-boot-starter-tomcat\4.0.5\spring-boot-starter-tomcat-4.0.5.jar;C:\Users\igork\.m2\repository\org\springframework\boot\spring-boot-starter-tomcat-runtime\4.0.5\spring-boot-starter-tomcat-runtime-4.0.5.jar;C:\Users\igork\.m2\repository\org\springframework\boot\spring-boot-web-server\4.0.5\spring-boot-web-server-4.0.5.jar;C:\Users\igork\.m2\repository\org\apache\tomcat\embed\tomcat-embed-core\11.0.20\tomcat-embed-core-11.0.20.jar;C:\Users\igork\.m2\repository\org\apache\tomcat\embed\tomcat-embed-websocket\11.0.20\tomcat-embed-websocket-11.0.20.jar;C:\Users\igork\.m2\repository\org\springframework\boot\spring-boot-tomcat\4.0.5\spring-boot-tomcat-4.0.5.jar;C:\Users\igork\.m2\repository\org\springframework\boot\spring-boot-http-converter\4.0.5\spring-boot-http-converter-4.0.5.jar;C:\Users\igork\.m2\repository\org\springframework\spring-web\7.0.6\spring-web-7.0.6.jar;C:\Users\igork\.m2\repository\io\micrometer\micrometer-observation\1.16.4\micrometer-observation-1.16.4.jar;C:\Users\igork\.m2\repository\io\micrometer\micrometer-commons\1.16.4\micrometer-commons-1.16.4.jar;C:\Users\igork\.m2\repository\org\springframework\boot\spring-boot-webmvc\4.0.5\spring-boot-webmvc-4.0.5.jar;C:\Users\igork\.m2\repository\org\springframework\boot\spring-boot-servlet\4.0.5\spring-boot-servlet-4.0.5.jar;C:\Users\igork\.m2\repository\org\springframework\boot\spring-boot-starter-security\4.0.5\spring-boot-starter-security-4.0.5.jar;C:\Users\igork\.m2\repository\org\springframework\boot\spring-boot-security\4.0.5\spring-boot-security-4.0.5.jar;C:\Users\igork\.m2\repository\org\springframework\security\spring-security-config\7.0.4\spring-security-config-7.0.4.jar;C:\Users\igork\.m2\repository\org\springframework\security\spring-security-core\7.0.4\spring-security-core-7.0.4.jar;C:\Users\igork\.m2\repository\org\springframework\security\spring-security-crypto\7.0.4\spring-security-crypto-7.0.4.jar;C:\Users\igork\.m2\repository\org\springframework\security\spring-security-web\7.0.4\spring-security-web-7.0.4.jar;C:\Users\igork\.m2\repository\org\springframework\spring-aop\7.0.6\spring-aop-7.0.6.jar;C:\Users\igork\.m2\repository\org\springframework\spring-beans\7.0.6\spring-beans-7.0.6.jar;C:\Users\igork\.m2\repository\org\postgresql\postgresql\42.7.10\postgresql-42.7.10.jar;C:\Users\igork\.m2\repository\org\checkerframework\checker-qual\3.52.0\checker-qual-3.52.0.jar;C:\Users\igork\.m2\repository\org\slf4j\slf4j-api\2.0.17\slf4j-api-2.0.17.jar;C:\Users\igork\.m2\repository\jakarta\xml\bind\jakarta.xml.bind-api\4.0.4\jakarta.xml.bind-api-4.0.4.jar;C:\Users\igork\.m2\repository\jakarta\activation\jakarta.activation-api\2.1.4\jakarta.activation-api-2.1.4.jar;C:\Users\igork\.m2\repository\net\bytebuddy\byte-buddy\1.17.8\byte-buddy-1.17.8.jar;C:\Users\igork\.m2\repository\org\springframework\spring-core\7.0.6\spring-core-7.0.6.jar;C:\Users\igork\.m2\repository\commons-logging\commons-logging\1.3.6\commons-logging-1.3.6.jar
Launcher Type: SUN_STANDARD

[Global flags]
     intx CICompilerCount                          = 12                                        {product} {ergonomic}
     uint ConcGCThreads                            = 3                                         {product} {ergonomic}
     bool FlightRecorder                           = true                                      {product} {management}
     uint G1ConcRefinementThreads                  = 13                                        {product} {ergonomic}
   size_t G1HeapRegionSize                         = 2097152                                   {product} {ergonomic}
   size_t InitialHeapSize                          = 264241152                                 {product} {ergonomic}
     bool ManagementServer                         = true                                      {product} {command line}
   size_t MarkStackSize                            = 4194304                                   {product} {ergonomic}
   size_t MarkStackSizeMax                         = 536870912                                 {product} {ergonomic}
   size_t MaxHeapSize                              = 4219469824                                {product} {ergonomic}
   size_t MaxNewSize                               = 2531262464                                {product} {ergonomic}
   size_t MinHeapDeltaBytes                        = 2097152                                   {product} {ergonomic}
   size_t MinHeapSize                              = 8388608                                   {product} {ergonomic}
    uintx NonNMethodCodeHeapSize                   = 4096                                   {pd product} {ergonomic}
    uintx NonProfiledCodeHeapSize                  = 0                                      {pd product} {ergonomic}
     bool ProfileInterpreter                       = false                                  {pd product} {command line}
    uintx ProfiledCodeHeapSize                     = 0                                      {pd product} {ergonomic}
   size_t SoftMaxHeapSize                          = 4219469824                             {manageable} {ergonomic}
     intx TieredStopAtLevel                        = 1                                         {product} {command line}
     bool UseCompressedOops                        = true                           {product lp64_product} {ergonomic}
     bool UseG1GC                                  = true                                      {product} {ergonomic}
     bool UseLargePagesIndividualAllocation        = false                                  {pd product} {ergonomic}

Logging:
Log output configuration:
 #0: stdout all=warning uptime,level,tags foldmultilines=false
 #1: stderr all=off uptime,level,tags foldmultilines=false

Environment Variables:
JAVA_HOME=C:\Program Files\Java\jdk-25
PATH=C:\Program Files\Common Files\Oracle\Java\javapath;C:\Program Files (x86)\Common Files\Oracle\Java\java8path;C:\Program Files (x86)\Common Files\Oracle\Java\javapath;C:\WINDOWS\system32;C:\WINDOWS;C:\WINDOWS\System32\Wbem;C:\WINDOWS\System32\WindowsPowerShell\v1.0\;C:\WINDOWS\System32\OpenSSH\;C:\Program Files\NVIDIA Corporation\NVIDIA app\NvDLISR;C:\Program Files (x86)\NVIDIA Corporation\PhysX\Common;C:\Program Files\Docker\Docker\resources\bin;C:\WINDOWS\system32\config\systemprofile\AppData\Local\Muse Hub\lib;C:\Program Files\cursor\resources\app\bin;C:\ProgramData\chocolatey\bin;C:\Program Files\Go\bin;C:\Program Files\nodejs\;C:\Program Files\dotnet\;C:\Program Files\Cloudflare\Cloudflare WARP\;C:\Program Files\Git\cmd;C:\Program Files\Java\jdk-25\bin;C:\Program Files\Common Files\Oracle\Java\javapath;C:\Program Files (x86)\Common Files\Oracle\Java\java8path;C:\Program Files (x86)\Common Files\Oracle\Java\javapath;C:\WINDOWS\system32;C:\WINDOWS;C:\WINDOWS\System32\Wbem;C:\WINDOWS\System32\WindowsPowerShell\v1.0\;C:\WINDOWS\System32\OpenSSH\;C:\Program Files\NVIDIA Corporation\NVIDIA app\NvDLISR;C:\Program Files (x86)\NVIDIA Corporation\PhysX\Common;C:\Program Files\Docker\Docker\resources\bin;C:\WINDOWS\system32\config\systemprofile\AppData\Local\Muse Hub\lib;C:\Program Files\cursor\resources\app\bin;C:\ProgramData\chocolatey\bin;C:\Program Files\Go\bin;C:\Program Files\nodejs\;C:\Program Files\dotnet\;C:\Program Files\Cloudflare\Cloudflare WARP\;C:\Program Files\Git\cmd;C:\Users\igork\.pyenv\pyenv-win\bin;C:\Users\igork\.pyenv\pyenv-win\shims;C:\Users\igork\go\bin;C:\Users\igork\AppData\Roaming\npm;C:\Users\igork\AppData\Local\GitHubDesktop\bin;C:\Users\igork\AppData\Local\Muse Hub\lib;C:\Users\igork\AppData\Local\Programs\cursor\resources\app\bin
USERNAME=igork
OS=Windows_NT
PROCESSOR_IDENTIFIER=Intel64 Family 6 Model 183 Stepping 1, GenuineIntel
TMP=C:\Users\igork\AppData\Local\Temp
TEMP=C:\Users\igork\AppData\Local\Temp




Periodic native trim disabled

---------------  S Y S T E M  ---------------

OS:
 Windows 11 , 64 bit Build 26100 (10.0.26100.8246)
OS uptime: 1 days 18:11 hours
Hyper-V role detected

CPU: total 16 (initial active 16) (8 cores per cpu, 2 threads per core) family 6 model 183 stepping 1 microcode 0x12e, cx8, cmov, fxsr, ht, mmx, 3dnowpref, sse, sse2, sse3, ssse3, sse4.1, sse4.2, popcnt, lzcnt, tsc, tscinvbit, avx, avx2, aes, erms, clmul, bmi1, bmi2, adx, sha, fma, vzeroupper, clflush, clflushopt, clwb, hv, serialize, rdtscp, rdpid, fsrm, gfni, f16c, cet_ibt, cet_ss
Processor Information for the first 16 processors :
  Max Mhz: 2400, Current Mhz: 2400, Mhz Limit: 2400

Memory: 4k page, system-wide physical 16091M (885M free)
TotalPageFile size 36571M (AvailPageFile size 9160M)
current process WorkingSet (physical memory assigned to process): 277M, peak: 277M
current process commit charge ("private bytes"): 350M, peak: 392M

vm_info: OpenJDK 64-Bit Server VM (24.0.1+9-30) for windows-amd64 JRE (24.0.1+9-30), built on 2025-03-05T07:23:45Z with MS VC++ 17.6 (VS2022)

END.
